Component: ARM Compiler 5.05 update 1 (build 106) Tool: armlink [4d0efa]

==============================================================================

Section Cross References

    main.o(.text) refers to _printf_percent.o(.ARM.Collect$$_printf_percent$$00000000) for _printf_percent
    main.o(.text) refers to _printf_f.o(.ARM.Collect$$_printf_percent$$00000003) for _printf_f
    main.o(.text) refers to printf1.o(x$fpl$printf1) for _printf_fp_dec
    main.o(.text) refers to _printf_d.o(.ARM.Collect$$_printf_percent$$00000009) for _printf_d
    main.o(.text) refers to _printf_dec.o(.text) for _printf_int_dec
    main.o(.text) refers to faddsub_clz.o(x$fpl$fadd) for __aeabi_fadd
    main.o(.text) refers to port.o(.text) for vPortEnterCritical
    main.o(.text) refers to f2d.o(x$fpl$f2d) for __aeabi_f2d
    main.o(.text) refers to noretval__2printf.o(.text) for __2printf
    main.o(.text) refers to delay.o(.text) for delay_ms
    main.o(.text) refers to stm32f10x_usart.o(.text) for USART_SendData
    main.o(.text) refers to tasks.o(.text) for xTaskCreate
    main.o(.text) refers to misc.o(.text) for NVIC_PriorityGroupConfig
    main.o(.text) refers to usart.o(.text) for uart_init
    main.o(.text) refers to led.o(.text) for LED_Init
    main.o(.text) refers to key.o(.text) for KEY_Init
    main.o(.text) refers to main.o(.data) for float_num
    main.o(.text) refers to usart.o(.data) for USART_RX_STA
    main.o(.text) refers to usart.o(.bss) for USART_RX_BUF
    system_stm32f10x.o(.text) refers to system_stm32f10x.o(.data) for SystemCoreClock
    led.o(.text) refers to stm32f10x_rcc.o(.text) for RCC_APB2PeriphClockCmd
    led.o(.text) refers to stm32f10x_gpio.o(.text) for GPIO_Init
    key.o(.text) refers to stm32f10x_rcc.o(.text) for RCC_APB2PeriphClockCmd
    key.o(.text) refers to stm32f10x_gpio.o(.text) for GPIO_Init
    key.o(.text) refers to delay.o(.text) for delay_ms
    key.o(.text) refers to key.o(.data) for key_up
    delay.o(.text) refers to tasks.o(.text) for xTaskGetSchedulerState
    delay.o(.text) refers to port.o(.text) for xPortSysTickHandler
    delay.o(.text) refers to misc.o(.text) for SysTick_CLKSourceConfig
    delay.o(.text) refers to system_stm32f10x.o(.data) for SystemCoreClock
    delay.o(.text) refers to delay.o(.data) for fac_us
    usart.o(.text) refers (Special) to use_no_semi_2.o(.text) for __use_no_semihosting
    usart.o(.text) refers to stm32f10x_rcc.o(.text) for RCC_APB2PeriphClockCmd
    usart.o(.text) refers to stm32f10x_gpio.o(.text) for GPIO_Init
    usart.o(.text) refers to misc.o(.text) for NVIC_Init
    usart.o(.text) refers to stm32f10x_usart.o(.text) for USART_Init
    usart.o(.text) refers to usart.o(.data) for USART_RX_STA
    usart.o(.text) refers to usart.o(.bss) for USART_RX_BUF
    usart.o(.bss) refers (Special) to use_no_semi_2.o(.text) for __use_no_semihosting
    usart.o(.data) refers (Special) to use_no_semi_2.o(.text) for __use_no_semihosting
    startup_stm32f10x_hd_mdk.o(STACK) refers (Special) to heapauxi.o(.text) for __use_two_region_memory
    startup_stm32f10x_hd_mdk.o(HEAP) refers (Special) to heapauxi.o(.text) for __use_two_region_memory
    startup_stm32f10x_hd_mdk.o(RESET) refers (Special) to heapauxi.o(.text) for __use_two_region_memory
    startup_stm32f10x_hd_mdk.o(RESET) refers to startup_stm32f10x_hd_mdk.o(STACK) for __initial_sp
    startup_stm32f10x_hd_mdk.o(RESET) refers to startup_stm32f10x_hd_mdk.o(.text) for Reset_Handler
    startup_stm32f10x_hd_mdk.o(RESET) refers to stm32f10x_it.o(.text) for NMI_Handler
    startup_stm32f10x_hd_mdk.o(RESET) refers to port.o(.emb_text) for SVC_Handler
    startup_stm32f10x_hd_mdk.o(RESET) refers to delay.o(.text) for SysTick_Handler
    startup_stm32f10x_hd_mdk.o(RESET) refers to usart.o(.text) for USART1_IRQHandler
    startup_stm32f10x_hd_mdk.o(.text) refers (Special) to heapauxi.o(.text) for __use_two_region_memory
    startup_stm32f10x_hd_mdk.o(.text) refers to system_stm32f10x.o(.text) for SystemInit
    startup_stm32f10x_hd_mdk.o(.text) refers to __main.o(!!!main) for __main
    startup_stm32f10x_hd_mdk.o(.text) refers to startup_stm32f10x_hd_mdk.o(HEAP) for Heap_Mem
    startup_stm32f10x_hd_mdk.o(.text) refers to startup_stm32f10x_hd_mdk.o(STACK) for Stack_Mem
    stm32f10x_gpio.o(.text) refers to stm32f10x_rcc.o(.text) for RCC_APB2PeriphResetCmd
    stm32f10x_rcc.o(.text) refers to stm32f10x_rcc.o(.data) for APBAHBPrescTable
    stm32f10x_usart.o(.text) refers to stm32f10x_rcc.o(.text) for RCC_APB2PeriphResetCmd
    event_groups.o(.text) refers to _printf_percent.o(.ARM.Collect$$_printf_percent$$00000000) for _printf_percent
    event_groups.o(.text) refers to _printf_d.o(.ARM.Collect$$_printf_percent$$00000009) for _printf_d
    event_groups.o(.text) refers to _printf_s.o(.ARM.Collect$$_printf_percent$$00000014) for _printf_s
    event_groups.o(.text) refers to _printf_dec.o(.text) for _printf_int_dec
    event_groups.o(.text) refers to _printf_str.o(.text) for _printf_str
[...]
    ..\STM32F10x_FWLib\src\stm32f10x_gpio.c  0x00000000   Number         0  stm32f10x_gpio.o ABSOLUTE
    ..\STM32F10x_FWLib\src\stm32f10x_rcc.c   0x00000000   Number         0  stm32f10x_rcc.o ABSOLUTE
    ..\STM32F10x_FWLib\src\stm32f10x_usart.c 0x00000000   Number         0  stm32f10x_usart.o ABSOLUTE
    ..\SYSTEM\delay\delay.c                  0x00000000   Number         0  delay.o ABSOLUTE
    ..\SYSTEM\sys\sys.c                      0x00000000   Number         0  sys.o ABSOLUTE
    ..\SYSTEM\usart\usart.c                  0x00000000   Number         0  usart.o ABSOLUTE
    ..\\CORE\\core_cm3.c                     0x00000000   Number         0  core_cm3.o ABSOLUTE
    ..\\FreeRTOS\\portable\\RVDS\\ARM_CM3\\port.c 0x00000000   Number         0  port.o ABSOLUTE
    ..\\SYSTEM\\sys\\sys.c                   0x00000000   Number         0  sys.o ABSOLUTE
    dc.s                                     0x00000000   Number         0  dc.o ABSOLUTE
    main.c                                   0x00000000   Number         0  main.o ABSOLUTE
    stm32f10x_it.c                           0x00000000   Number         0  stm32f10x_it.o ABSOLUTE
    system_stm32f10x.c                       0x00000000   Number         0  system_stm32f10x.o ABSOLUTE
    RESET                                    0x08000000   Section      304  startup_stm32f10x_hd_mdk.o(RESET)
    !!!main                                  0x08000130   Section        8  __main.o(!!!main)
    !!!scatter                               0x08000138   Section       52  __scatter.o(!!!scatter)
    !!handler_copy                           0x0800016c   Section       26  __scatter_copy.o(!!handler_copy)
    !!handler_zi                             0x08000188   Section       28  __scatter_zi.o(!!handler_zi)
    .ARM.Collect$$_printf_percent$$00000000  0x080001a4   Section        0  _printf_percent.o(.ARM.Collect$$_printf_percent$$00000000)
    .ARM.Collect$$_printf_percent$$00000003  0x080001a4   Section        6  _printf_f.o(.ARM.Collect$$_printf_percent$$00000003)
    .ARM.Collect$$_printf_percent$$00000009  0x080001aa   Section        6  _printf_d.o(.ARM.Collect$$_printf_percent$$00000009)
    .ARM.Collect$$_printf_percent$$0000000A  0x080001b0   Section        6  _printf_u.o(.ARM.Collect$$_printf_percent$$0000000A)
    .ARM.Collect$$_printf_percent$$00000013  0x080001b6   Section        6  _printf_c.o(.ARM.Collect$$_printf_percent$$00000013)
    .ARM.Collect$$_printf_percent$$00000014  0x080001bc   Section        6  _printf_s.o(.ARM.Collect$$_printf_percent$$00000014)
    .ARM.Collect$$_printf_percent$$00000017  0x080001c2   Section        4  _printf_percent_end.o(.ARM.Collect$$_printf_percent$$00000017)
    .ARM.Collect$$libinit$$00000000          0x080001c6   Section        2  libinit.o(.ARM.Collect$$libinit$$00000000)
    .ARM.Collect$$libinit$$00000002          0x080001c8   Section        0  libinit2.o(.ARM.Collect$$libinit$$00000002)
    .ARM.Collect$$libinit$$00000004          0x080001c8   Section        0  libinit2.o(.ARM.Collect$$libinit$$00000004)
    .ARM.Collect$$libinit$$0000000A          0x080001c8   Section        0  libinit2.o(.ARM.Collect$$libinit$$0000000A)
    .ARM.Collect$$libinit$$0000000C          0x080001c8   Section        0  libinit2.o(.ARM.Collect$$libinit$$0000000C)
    .ARM.Collect$$libinit$$0000000E          0x080001c8   Section        0  libinit2.o(.ARM.Collect$$libinit$$0000000E)
    .ARM.Collect$$libinit$$0000000F          0x080001c8   Section        6  libinit2.o(.ARM.Collect$$libinit$$0000000F)
    .ARM.Collect$$libinit$$00000011          0x080001ce   Section        0  libinit2.o(.ARM.Collect$$libinit$$00000011)
    .ARM.Collect$$libinit$$00000013          0x080001ce   Section        0  libinit2.o(.ARM.Collect$$libinit$$00000013)
    .ARM.Collect$$libinit$$00000015          0x080001ce   Section        0  libinit2.o(.ARM.Collect$$libinit$$00000015)
    .ARM.Collect$$libinit$$00000016          0x080001ce   Section       10  libinit2.o(.ARM.Collect$$libinit$$00000016)
    .ARM.Collect$$libinit$$00000017          0x080001d8   Section        0  libinit2.o(.ARM.Collect$$libinit$$00000017)
    .ARM.Collect$$libinit$$00000019          0x080001d8   Section        0  libinit2.o(.ARM.Collect$$libinit$$00000019)
    .ARM.Collect$$libinit$$0000001B          0x080001d8   Section        0  libinit2.o(.ARM.Collect$$libinit$$0000001B)
    .ARM.Collect$$libinit$$0000001D          0x080001d8   Section        0  libinit2.o(.ARM.Collect$$libinit$$0000001D)
    .ARM.Collect$$libinit$$0000001F          0x080001d8   Section        0  libinit2.o(.ARM.Collect$$libinit$$0000001F)
    .ARM.Collect$$libinit$$00000021          0x080001d8   Section        0  libinit2.o(.ARM.Collect$$libinit$$00000021)
    .ARM.Collect$$libinit$$00000023          0x080001d8   Section        0  libinit2.o(.ARM.Collect$$libinit$$00000023)
    .ARM.Collect$$libinit$$00000025          0x080001d8   Section        0  libinit2.o(.ARM.Collect$$libinit$$00000025)
    .ARM.Collect$$libinit$$0000002C          0x080001d8   Section        0  libinit2.o(.ARM.Collect$$libinit$$0000002C)
    .ARM.Collect$$libinit$$0000002E          0x080001d8   Section        0  libinit2.o(.ARM.Collect$$libinit$$0000002E)
    .ARM.Collect$$libinit$$00000030          0x080001d8   Section        0  libinit2.o(.ARM.Collect$$libinit$$00000030)
    .ARM.Collect$$libinit$$00000032          0x080001d8   Section        0  libinit2.o(.ARM.Collect$$libinit$$00000032)
    .ARM.Collect$$libinit$$00000033          0x080001d8   Section        2  libinit2.o(.ARM.Collect$$libinit$$00000033)
    .ARM.Collect$$libshutdown$$00000000      0x080001da   Section        2  libshutdown.o(.ARM.Collect$$libshutdown$$00000000)
    .ARM.Collect$$libshutdown$$00000003      0x080001dc   Section        0  libshutdown2.o(.ARM.Collect$$libshutdown$$00000003)
    .ARM.Collect$$libshutdown$$00000006      0x080001dc   Section        0  libshutdown2.o(.ARM.Collect$$libshutdown$$00000006)
    .ARM.Collect$$libshutdown$$00000009      0x080001dc   Section        0  libshutdown2.o(.ARM.Collect$$libshutdown$$00000009)
    .ARM.Collect$$libshutdown$$0000000B      0x080001dc   Section        0  libshutdown2.o(.ARM.Collect$$libshutdown$$0000000B)
    .ARM.Collect$$libshutdown$$0000000E      0x080001dc   Section        0  libshutdown2.o(.ARM.Collect$$libshutdown$$0000000E)
    .ARM.Collect$$libshutdown$$0000000F      0x080001dc   Section        2  libshutdown2.o(.ARM.Collect$$libshutdown$$0000000F)
    .ARM.Collect$$rtentry$$00000000          0x080001de   Section        0  __rtentry.o(.ARM.Collect$$rtentry$$00000000)
    .ARM.Collect$$rtentry$$00000002          0x080001de   Section        0  __rtentry2.o(.ARM.Collect$$rtentry$$00000002)
    .ARM.Collect$$rtentry$$00000004          0x080001de   Section        6  __rtentry4.o(.ARM.Collect$$rtentry$$00000004)
    .ARM.Collect$$rtentry$$00000009          0x080001e4   Section        0  __rtentry2.o(.ARM.Collect$$rtentry$$00000009)
    .ARM.Collect$$rtentry$$0000000A          0x080001e4   Section        4  __rtentry2.o(.ARM.Collect$$rtentry$$0000000A)
    .ARM.Collect$$rtentry$$0000000C          0x080001e8   Section        0  __rtentry2.o(.ARM.Collect$$rtentry$$0000000C)
    .ARM.Collect$$rtentry$$0000000D          0x080001e8   Section        8  __rtentry2.o(.ARM.Collect$$rtentry$$0000000D)
    .ARM.Collect$$rtexit$$00000000           0x080001f0   Section        2  rtexit.o(.ARM.Collect$$rtexit$$00000000)
    .ARM.Collect$$rtexit$$00000002           0x080001f2   Section        0  rtexit2.o(.ARM.Collect$$rtexit$$00000002)
    .ARM.Collect$$rtexit$$00000003           0x080001f2   Section        4  rtexit2.o(.ARM.Collect$$rtexit$$00000003)
    .ARM.Collect$$rtexit$$00000004           0x080001f6   Section        6  rtexit2.o(.ARM.Collect$$rtexit$$00000004)
    .emb_text                                0x080001fc   Section      150  port.o(.emb_text)
    .text                                    0x08000294   Section        0  main.o(.text)
    .text                                    0x080005c4   Section        0  stm32f10x_it.o(.text)
    .text                                    0x080005d8   Section        0  system_stm32f10x.o(.text)
    SetSysClockTo72                          0x080005d9   Thumb Code   214  system_stm32f10x.o(.text)
    SetSysClock                              0x080006af   Thumb Code     8  system_stm32f10x.o(.text)
    .text                                    0x080007b8   Section        0  led.o(.text)
    .text                                    0x08000804   Section        0  key.o(.text)
    .text                                    0x080008dc   Section        0  delay.o(.text)
    .text                                    0x080009e4   Section        0  usart.o(.text)
    .text                                    0x08000b24   Section       64  startup_stm32f10x_hd_mdk.o(.text)
    .text                                    0x08000b64   Section        0  misc.o(.text)
    .text                                    0x08000c40   Section        0  stm32f10x_gpio.o(.text)
    .text                                    0x08000f9c   Section        0  stm32f10x_rcc.o(.text)
    .text                                    0x08001340   Section        0  stm32f10x_usart.o(.text)
    .text                                    0x08001748   Section        0  list.o(.text)
    .text                                    0x080017dc   Section        0  queue.o(.text)
    prvInitialiseNewQueue                    0x08001865   Thumb Code    46  queue.o(.text)
    prvCopyDataToQueue                       0x080018e1   Thumb Code   124  queue.o(.text)
    prvNotifyQueueSetContainer               0x0800195d   Thumb Code   124  queue.o(.text)
    prvUnlockQueue                           0x080019d9   Thumb Code   146  queue.o(.text)
    prvIsQueueFull                           0x08001a6b   Thumb Code    30  queue.o(.text)
    prvInitialiseMutex                       0x08001c51   Thumb Code    28  queue.o(.text)
    prvIsQueueEmpty                          0x08001cd1   Thumb Code    26  queue.o(.text)
    prvCopyDataFromQueue                     0x08001ceb   Thumb Code    42  queue.o(.text)
    .text                                    0x080024e8   Section        0  tasks.o(.text)
    prvInitialiseTaskLists                   0x080024e9   Thumb Code    70  tasks.o(.text)
    prvAddNewTaskToReadyList                 0x0800252f   Thumb Code   156  tasks.o(.text)
    prvInitialiseNewTask                     0x080025cb   Thumb Code   170  tasks.o(.text)
    prvResetNextTaskUnblockTime              0x080026d5   Thumb Code    42  tasks.o(.text)
    prvDeleteTCB                             0x080026ff   Thumb Code    18  tasks.o(.text)
    prvAddCurrentTaskToDelayedList           0x08002a33   Thumb Code   124  tasks.o(.text)
    prvTaskIsTaskSuspended                   0x08002ef3   Thumb Code    76  tasks.o(.text)
    prvCheckTasksWaitingTermination          0x08003051   Thumb Code    86  tasks.o(.text)
    prvIdleTask                              0x080030a7   Thumb Code    32  tasks.o(.text)
    prvTaskCheckFreeStackSpace               0x080031e5   Thumb Code    22  tasks.o(.text)
    prvListTasksWithinSingleList             0x0800326d   Thumb Code   106  tasks.o(.text)
    prvWriteNameToBuffer                     0x08003797   Thumb Code    42  tasks.o(.text)
    .text                                    0x08003d08   Section        0  timers.o(.text)
    prvInsertTimerInActiveList               0x08003d09   Thumb Code    80  timers.o(.text)
    prvSwitchTimerLists                      0x08003dcf   Thumb Code   140  timers.o(.text)
    prvSampleTimeNow                         0x08003e5b   Thumb Code    40  timers.o(.text)
    prvProcessReceivedCommands               0x08003e83   Thumb Code   254  timers.o(.text)
    prvProcessExpiredTimer                   0x08003f81   Thumb Code    84  timers.o(.text)
    prvProcessTimerOrBlockTask               0x08003fd5   Thumb Code   102  timers.o(.text)
    prvGetNextExpireTime                     0x0800403b   Thumb Code    36  timers.o(.text)
    prvTimerTask                             0x0800405f   Thumb Code    26  timers.o(.text)
    prvCheckForValidListAndQueue             0x08004079   Thumb Code    72  timers.o(.text)
    prvInitialiseNewTimer                    0x080040f9   Thumb Code   166  timers.o(.text)
    .text                                    0x08004348   Section        0  port.o(.text)
    prvTaskExitError                         0x08004349   Thumb Code    48  port.o(.text)
    .text                                    0x080045b4   Section        0  heap_4.o(.text)
    prvInsertBlockIntoFreeList               0x080045b5   Thumb Code    96  heap_4.o(.text)
    prvHeapInit                              0x08004615   Thumb Code    98  heap_4.o(.text)
    .text                                    0x08004854   Section        2  use_no_semi_2.o(.text)
    .text                                    0x08004858   Section        0  noretval__2printf.o(.text)
    .text                                    0x08004870   Section        0  noretval__2sprintf.o(.text)
    .text                                    0x08004898   Section        0  _printf_str.o(.text)
    .text                                    0x080048ec   Section        0  _printf_dec.o(.text)
    .text                                    0x08004964   Section        0  __printf_wp.o(.text)
    .text                                    0x08004a72   Section        0  strcpy.o(.text)
    .text                                    0x08004aba   Section        0  strlen.o(.text)
    .text                                    0x08004af8   Section      138  rt_memcpy_v6.o(.text)
    .text                                    0x08004b82   Section       16  aeabi_memset.o(.text)
    .text                                    0x08004b92   Section        0  heapauxi.o(.text)
    .text                                    0x08004b98   Section        2  use_no_semi.o(.text)
    .text                                    0x08004b9a   Section        0  _printf_intcommon.o(.text)
    .text                                    0x08004c4c   Section        0  _printf_fp_dec.o(.text)
    _fp_digits                               0x08004c4f   Thumb Code   428  _printf_fp_dec.o(.text)
    .text                                    0x08005068   Section        0  _printf_char_common.o(.text)
    _printf_input_char                       0x08005069   Thumb Code    10  _printf_char_common.o(.text)
    .text                                    0x08005098   Section        0  _sputc.o(.text)
    .text                                    0x080050a2   Section        0  _printf_char.o(.text)
    .text                                    0x080050d0   Section        0  _printf_char_file.o(.text)
    .text                                    0x080050f4   Section      100  rt_memcpy_w.o(.text)
    .text                                    0x08005158   Section       68  rt_memclr.o(.text)
    .text                                    0x0800519c   Section        8  rt_locale_intlibspace.o(.text)
    .text                                    0x080051a4   Section      138  lludiv10.o(.text)
    .text                                    0x08005230   Section        0  _printf_fp_infnan.o(.text)
    .text                                    0x080052b0   Section        0  bigflt0.o(.text)
    .text                                    0x0800538c   Section        0  ferror.o(.text)
    .text                                    0x08005394   Section       78  rt_memclr_w.o(.text)
    .text                                    0x080053e4   Section        8  libspace.o(.text)
    .text                                    0x080053ec   Section       74  sys_stackheap_outer.o(.text)
    .text                                    0x08005436   Section        0  exit.o(.text)
    .text                                    0x08005444   Section      128  strcmpv7m.o(.text)
    CL$$btod_d2e                             0x080054c4   Section       62  btod.o(CL$$btod_d2e)
    CL$$btod_d2e_denorm_low                  0x08005502   Section       70  btod.o(CL$$btod_d2e_denorm_low)
    CL$$btod_d2e_norm_op1                    0x08005548   Section       96  btod.o(CL$$btod_d2e_norm_op1)
    CL$$btod_div_common                      0x080055a8   Section      824  btod.o(CL$$btod_div_common)
    CL$$btod_e2e                             0x080058e0   Section      198  btod.o(CL$$btod_e2e)
    CL$$btod_ediv                            0x080059a6   Section       40  btod.o(CL$$btod_ediv)
    CL$$btod_emul                            0x080059ce   Section       40  btod.o(CL$$btod_emul)
    CL$$btod_mult_common                     0x080059f6   Section      580  btod.o(CL$$btod_mult_common)
    i.__ARM_fpclassify                       0x08005c3a   Section        0  fpclassify.o(i.__ARM_fpclassify)
    i._is_digit                              0x08005c62   Section        0  __printf_wp.o(i._is_digit)
    locale$$code                             0x08005c70   Section       44  lc_numeric_c.o(locale$$code)
    x$fpl$dretinf                            0x08005c9c   Section       12  dretinf.o(x$fpl$dretinf)
    x$fpl$f2d                                0x08005ca8   Section       86  f2d.o(x$fpl$f2d)
    x$fpl$fadd                               0x08005d00   Section      196  faddsub_clz.o(x$fpl$fadd)
    _fadd1                                   0x08005d0f   Thumb Code     0  faddsub_clz.o(x$fpl$fadd)
    x$fpl$fnaninf                            0x08005dc4   Section      140  fnaninf.o(x$fpl$fnaninf)
    x$fpl$fretinf                            0x08005e50   Section       10  fretinf.o(x$fpl$fretinf)
    x$fpl$fsub                               0x08005e5c   Section      234  faddsub_clz.o(x$fpl$fsub)
    _fsub1                                   0x08005e6b   Thumb Code     0  faddsub_clz.o(x$fpl$fsub)
    x$fpl$printf1                            0x08005f46   Section        4  printf1.o(x$fpl$printf1)
    x$fpl$usenofp                            0x08005f4a   Section        0  usenofp.o(x$fpl$usenofp)
    .constdata                               0x08005f4c   Section      148  bigflt0.o(.constdata)
    tenpwrs_x                                0x08005f4c   Data          60  bigflt0.o(.constdata)
    tenpwrs_i                                0x08005f88   Data          64  bigflt0.o(.constdata)
    locale$$data                             0x08006000   Section       28  lc_numeric_c.o(locale$$data)
    __lcnum_c_name                           0x08006004   Data           2  lc_numeric_c.o(locale$$data)
    __lcnum_c_start                          0x0800600c   Data           0  lc_numeric_c.o(locale$$data)
    __lcnum_c_point                          0x08006018   Data           0  lc_numeric_c.o(locale$$data)
    __lcnum_c_thousands                      0x0800601a   Data           0  lc_numeric_c.o(locale$$data)
    __lcnum_c_grouping                       0x0800601b   Data           0  lc_numeric_c.o(locale$$data)
    __lcnum_c_end                            0x0800601c   Data           0  lc_numeric_c.o(locale$$data)
    .data                                    0x20000000   Section       20  main.o(.data)
    float_num                                0x20000010   Data           4  main.o(.data)
    .data                                    0x20000014   Section       20  system_stm32f10x.o(.data)
    .data                                    0x20000028   Section        1  key.o(.data)
    key_up                                   0x20000028   Data           1  key.o(.data)
    .data                                    0x2000002a   Section        4  delay.o(.data)
    fac_us                                   0x2000002a   Data           1  delay.o(.data)
    fac_ms                                   0x2000002c   Data           2  delay.o(.data)
    .data                                    0x20000030   Section        6  usart.o(.data)
    .data                                    0x20000036   Section       20  stm32f10x_rcc.o(.data)
    APBAHBPrescTable                         0x20000036   Data          16  stm32f10x_rcc.o(.data)
    ADCPrescTable                            0x20000046   Data           4  stm32f10x_rcc.o(.data)
    .data                                    0x2000004c   Section       60  tasks.o(.data)
    pxDelayedTaskList                        0x20000050   Data           4  tasks.o(.data)
    pxOverflowDelayedTaskList                0x20000054   Data           4  tasks.o(.data)
    uxDeletedTasksWaitingCleanUp             0x20000058   Data           4  tasks.o(.data)
    uxCurrentNumberOfTasks                   0x2000005c   Data           4  tasks.o(.data)
    xTickCount                               0x20000060   Data           4  tasks.o(.data)
    uxTopReadyPriority                       0x20000064   Data           4  tasks.o(.data)
    xSchedulerRunning                        0x20000068   Data           4  tasks.o(.data)
    uxPendedTicks                            0x2000006c   Data           4  tasks.o(.data)
    xYieldPending                            0x20000070   Data           4  tasks.o(.data)
    xNumOfOverflows                          0x20000074   Data           4  tasks.o(.data)
    uxTaskNumber                             0x20000078   Data           4  tasks.o(.data)
    xNextTaskUnblockTime                     0x2000007c   Data           4  tasks.o(.data)
    xIdleTaskHandle                          0x20000080   Data           4  tasks.o(.data)
    uxSchedulerSuspended                     0x20000084   Data           4  tasks.o(.data)
    .data                                    0x20000088   Section       20  timers.o(.data)
    pxCurrentTimerList                       0x20000088   Data           4  timers.o(.data)
    pxOverflowTimerList                      0x2000008c   Data           4  timers.o(.data)
    xTimerQueue                              0x20000090   Data           4  timers.o(.data)
    xTimerTaskHandle                         0x20000094   Data           4  timers.o(.data)
    xLastTime                                0x20000098   Data           4  timers.o(.data)
    .data                                    0x2000009c   Section       12  port.o(.data)
    uxCriticalNesting                        0x2000009c   Data           4  port.o(.data)
    ucMaxSysCallPriority                     0x200000a0   Data           1  port.o(.data)
    ulMaxPRIGROUPValue                       0x200000a4   Data           4  port.o(.data)
    .data                                    0x200000a8   Section       24  heap_4.o(.data)
    xStart                                   0x200000a8   Data           8  heap_4.o(.data)
    pxEnd                                    0x200000b0   Data           4  heap_4.o(.data)
    xFreeBytesRemaining                      0x200000b4   Data           4  heap_4.o(.data)
    xMinimumEverFreeBytesRemaining           0x200000b8   Data           4  heap_4.o(.data)
    xBlockAllocatedBit                       0x200000bc   Data           4  heap_4.o(.data)
    .bss                                     0x200000c0   Section      200  usart.o(.bss)
    .bss                                     0x20000188   Section       64  queue.o(.bss)
    .bss                                     0x200001c8   Section      740  tasks.o(.bss)
    pxReadyTasksLists                        0x200001c8   Data         640  tasks.o(.bss)
    xDelayedTaskList1                        0x20000448   Data          20  tasks.o(.bss)
    xDelayedTaskList2                        0x2000045c   Data          20  tasks.o(.bss)
    xPendingReadyList                        0x20000470   Data          20  tasks.o(.bss)
    xTasksWaitingTermination                 0x20000484   Data          20  tasks.o(.bss)
    xSuspendedTaskList                       0x20000498   Data          20  tasks.o(.bss)
    .bss                                     0x200004ac   Section       40  timers.o(.bss)
    xActiveTimerList1                        0x200004ac   Data          20  timers.o(.bss)
    xActiveTimerList2                        0x200004c0   Data          20  timers.o(.bss)
    .bss                                     0x200004d4   Section    20480  heap_4.o(.bss)
    ucHeap                                   0x200004d4   Data       20480  heap_4.o(.bss)
    .bss                                     0x200054d4   Section       96  libspace.o(.bss)
    HEAP                                     0x20005538   Section      512  startup_stm32f10x_hd_mdk.o(HEAP)
    Heap_Mem                                 0x20005538   Data         512  startup_stm32f10x_hd_mdk.o(HEAP)
    STACK                                    0x20005738   Section     1024  startup_stm32f10x_hd_mdk.o(STACK)
    Stack_Mem                                0x20005738   Data        1024  startup_stm32f10x_hd_mdk.o(STACK)
    __initial_sp                             0x20005b38   Data           0  startup_stm32f10x_hd_mdk.o(STACK)

    Global Symbols

    Symbol Name                              Value     Ov Type        Size  Object(Section)

    BuildAttributes$$THM_ISAv4$P$D$K$B$S$PE$A:L22UL41UL21$X:L11$S22US41US21$IEEE1$IW$USESV6$~STKCKD$USESV7$~SHL$OTIME$ROPI$IEEEJ$EBA8$UX$STANDARDLIB$REQ8$PRES8$EABIv2 0x00000000   Number         0  anon$$obj.o ABSOLUTE
    __ARM_use_no_argv                        0x00000000   Number         0  main.o ABSOLUTE
    _printf_flags                            0x00000000   Number         0  printf_stubs.o ABSOLUTE
    _printf_return_value                     0x00000000   Number         0  printf_stubs.o ABSOLUTE
    _printf_sizespec                         0x00000000   Number         0  printf_stubs.o ABSOLUTE
    _printf_widthprec                        0x00000000   Number         0  printf_stubs.o ABSOLUTE
    __ARM_exceptions_init                     - Undefined Weak Reference
    __alloca_initialize                       - Undefined Weak Reference
    __arm_preinit_                            - Undefined Weak Reference
    __cpp_initialize__aeabi_                  - Undefined Weak Reference
    __cxa_finalize                            - Undefined Weak Reference
    __sigvec_lookup                           - Undefined Weak Reference
    _atexit_init                              - Undefined Weak Reference
    _call_atexit_fns                          - Undefined Weak Reference
    _clock_init                               - Undefined Weak Reference
    _fp_trap_init                             - Undefined Weak Reference
    _fp_trap_shutdown                         - Undefined Weak Reference
    _get_lc_collate                           - Undefined Weak Reference
    _get_lc_ctype                             - Undefined Weak Reference
    _get_lc_monetary                          - Undefined Weak Reference
    _get_lc_time                              - Undefined Weak Reference
    _getenv_init                              - Undefined Weak Reference
    _handle_redirection                       - Undefined Weak Reference
    _init_alloc                               - Undefined Weak Reference
    _init_user_alloc                          - Undefined Weak Reference
    _initio                                   - Undefined Weak Reference
    _mutex_acquire                            - Undefined Weak Reference
    _mutex_release                            - Undefined Weak Reference
    _printf_mbtowc                            - Undefined Weak Reference
    _printf_post_padding                      - Undefined Weak Reference
    _printf_pre_padding                       - Undefined Weak Reference
    _printf_truncate_signed                   - Undefined Weak Reference
    _printf_truncate_unsigned                 - Undefined Weak Reference
    _rand_init                                - Undefined Weak Reference
    _signal_finish                            - Undefined Weak Reference
    _signal_init                              - Undefined Weak Reference
    _terminate_alloc                          - Undefined Weak Reference
    _terminate_user_alloc                     - Undefined Weak Reference
    _terminateio                              - Undefined Weak Reference
    __Vectors_Size                           0x00000130   Number         0  startup_stm32f10x_hd_mdk.o ABSOLUTE
    __Vectors                                0x08000000   Data           4  startup_stm32f10x_hd_mdk.o(RESET)
    __Vectors_End                            0x08000130   Data           0  startup_stm32f10x_hd_mdk.o(RESET)
    __main                                   0x08000131   Thumb Code     8  __main.o(!!!main)
    __scatterload                            0x08000139   Thumb Code     0  __scatter.o(!!!scatter)
    __scatterload_rt2                        0x08000139   Thumb Code    44  __scatter.o(!!!scatter)
    __scatterload_rt2_thumb_only             0x08000139   Thumb Code     0  __scatter.o(!!!scatter)
    __scatterload_null                       0x08000147   Thumb Code     0  __scatter.o(!!!scatter)
    __scatterload_copy                       0x0800016d   Thumb Code    26  __scatter_copy.o(!!handler_copy)
    __scatterload_zeroinit                   0x08000189   Thumb Code    28  __scatter_zi.o(!!handler_zi)
    _printf_f                                0x080001a5   Thumb Code     0  _printf_f.o(.ARM.Collect$$_printf_percent$$00000003)
    _printf_percent                          0x080001a5   Thumb Code     0  _printf_percent.o(.ARM.Collect$$_printf_percent$$00000000)
    _printf_d                                0x080001ab   Thumb Code     0  _printf_d.o(.ARM.Collect$$_printf_percent$$00000009)
    _printf_u                                0x080001b1   Thumb Code     0  _printf_u.o(.ARM.Collect$$_printf_percent$$0000000A)
    _printf_c                                0x080001b7   Thumb Code     0  _printf_c.o(.ARM.Collect$$_printf_percent$$00000013)
    _printf_s                                0x080001bd   Thumb Code     0  _printf_s.o(.ARM.Collect$$_printf_percent$$00000014)
    _printf_percent_end                      0x080001c3   Thumb Code     0  _printf_percent_end.o(.ARM.Collect$$_printf_percent$$00000017)
    __rt_lib_init                            0x080001c7   Thumb Code     0  libinit.o(.ARM.Collect$$libinit$$00000000)
    __rt_lib_init_fp_1                       0x080001c9   Thumb Code     0  libinit2.o(.ARM.Collect$$libinit$$00000002)
    __rt_lib_init_heap_1                     0x080001c9   Thumb Code     0  libinit2.o(.ARM.Collect$$libinit$$0000000A)
    __rt_lib_init_lc_common                  0x080001c9   Thumb Code     0  libinit2.o(.ARM.Collect$$libinit$$0000000F)
    __rt_lib_init_preinit_1                  0x080001c9   Thumb Code     0  libinit2.o(.ARM.Collect$$libinit$$00000004)
    __rt_lib_init_rand_1                     0x080001c9   Thumb Code     0  libinit2.o(.ARM.Collect$$libinit$$0000000E)
    __rt_lib_init_user_alloc_1               0x080001c9   Thumb Code     0  libinit2.o(.ARM.Collect$$libinit$$0000000C)
    __rt_lib_init_lc_collate_1               0x080001cf   Thumb Code     0  libinit2.o(.ARM.Collect$$libinit$$00000011)
    __rt_lib_init_lc_ctype_1                 0x080001cf   Thumb Code     0  libinit2.o(.ARM.Collect$$libinit$$00000013)
    __rt_lib_init_lc_monetary_1              0x080001cf   Thumb Code     0  libinit2.o(.ARM.Collect$$libinit$$00000015)
    __rt_lib_init_lc_numeric_2               0x080001cf   Thumb Code     0  libinit2.o(.ARM.Collect$$libinit$$00000016)
    __rt_lib_init_alloca_1                   0x080001d9   Thumb Code     0  libinit2.o(.ARM.Collect$$libinit$$0000002E)
    __rt_lib_init_argv_1                     0x080001d9   Thumb Code     0  libinit2.o(.ARM.Collect$$libinit$$0000002C)
    __rt_lib_init_atexit_1                   0x080001d9   Thumb Code     0  libinit2.o(.ARM.Collect$$libinit$$0000001B)
    __rt_lib_init_clock_1                    0x080001d9   Thumb Code     0  libinit2.o(.ARM.Collect$$libinit$$00000021)
    __rt_lib_init_cpp_1                      0x080001d9   Thumb Code     0  libinit2.o(.ARM.Collect$$libinit$$00000032)
    __rt_lib_init_exceptions_1               0x080001d9   Thumb Code     0  libinit2.o(.ARM.Collect$$libinit$$00000030)
    __rt_lib_init_fp_trap_1                  0x080001d9   Thumb Code     0  libinit2.o(.ARM.Collect$$libinit$$0000001F)
    __rt_lib_init_getenv_1                   0x080001d9   Thumb Code     0  libinit2.o(.ARM.Collect$$libinit$$00000023)
    __rt_lib_init_lc_numeric_1               0x080001d9   Thumb Code     0  libinit2.o(.ARM.Collect$$libinit$$00000017)
    __rt_lib_init_lc_time_1                  0x080001d9   Thumb Code     0  libinit2.o(.ARM.Collect$$libinit$$00000019)
    __rt_lib_init_return                     0x080001d9   Thumb Code     0  libinit2.o(.ARM.Collect$$libinit$$00000033)
    __rt_lib_init_signal_1                   0x080001d9   Thumb Code     0  libinit2.o(.ARM.Collect$$libinit$$0000001D)
    __rt_lib_init_stdio_1                    0x080001d9   Thumb Code     0  libinit2.o(.ARM.Collect$$libinit$$00000025)
    __rt_lib_shutdown                        0x080001db   Thumb Code     0  libshutdown.o(.ARM.Collect$$libshutdown$$00000000)
    __rt_lib_shutdown_fp_trap_1              0x080001dd   Thumb Code     0  libshutdown2.o(.ARM.Collect$$libshutdown$$00000006)
    __rt_lib_shutdown_heap_1                 0x080001dd   Thumb Code     0  libshutdown2.o(.ARM.Collect$$libshutdown$$0000000E)
    __rt_lib_shutdown_return                 0x080001dd   Thumb Code     0  libshutdown2.o(.ARM.Collect$$libshutdown$$0000000F)
    __rt_lib_shutdown_signal_1               0x080001dd   Thumb Code     0  libshutdown2.o(.ARM.Collect$$libshutdown$$00000009)
    __rt_lib_shutdown_stdio_1                0x080001dd   Thumb Code     0  libshutdown2.o(.ARM.Collect$$libshutdown$$00000003)
    __rt_lib_shutdown_user_alloc_1           0x080001dd   Thumb Code     0  libshutdown2.o(.ARM.Collect$$libshutdown$$0000000B)
    __rt_entry                               0x080001df   Thumb Code     0  __rtentry.o(.ARM.Collect$$rtentry$$00000000)
    __rt_entry_presh_1                       0x080001df   Thumb Code     0  __rtentry2.o(.ARM.Collect$$rtentry$$00000002)
    __rt_entry_sh                            0x080001df   Thumb Code     0  __rtentry4.o(.ARM.Collect$$rtentry$$00000004)
    __rt_entry_li                            0x080001e5   Thumb Code     0  __rtentry2.o(.ARM.Collect$$rtentry$$0000000A)
    __rt_entry_postsh_1                      0x080001e5   Thumb Code     0  __rtentry2.o(.ARM.Collect$$rtentry$$00000009)
    __rt_entry_main                          0x080001e9   Thumb Code     0  __rtentry2.o(.ARM.Collect$$rtentry$$0000000D)
    __rt_entry_postli_1                      0x080001e9   Thumb Code     0  __rtentry2.o(.ARM.Collect$$rtentry$$0000000C)
    __rt_exit                                0x080001f1   Thumb Code     0  rtexit.o(.ARM.Collect$$rtexit$$00000000)
    __rt_exit_ls                             0x080001f3   Thumb Code     0  rtexit2.o(.ARM.Collect$$rtexit$$00000003)
    __rt_exit_prels_1                        0x080001f3   Thumb Code     0  rtexit2.o(.ARM.Collect$$rtexit$$00000002)
    __rt_exit_exit                           0x080001f7   Thumb Code     0  rtexit2.o(.ARM.Collect$$rtexit$$00000004)
    SVC_Handler                              0x080001fd   Thumb Code    32  port.o(.emb_text)
    __asm___6_port_c_39a90d8d__prvStartFirstTask 0x08000221   Thumb Code    28  port.o(.emb_text)
    PendSV_Handler                           0x08000241   Thumb Code    72  port.o(.emb_text)
    vPortGetIPSR                             0x0800028d   Thumb Code     6  port.o(.emb_text)
    task3_task                               0x08000295   Thumb Code    54  main.o(.text)
    task2_task                               0x080002cb   Thumb Code    42  main.o(.text)
    task1_task                               0x080002f5   Thumb Code   162  main.o(.text)
    start_task                               0x08000397   Thumb Code    88  main.o(.text)
    main                                     0x080003ef   Thumb Code   218  main.o(.text)
    NMI_Handler                              0x080005c5   Thumb Code     2  stm32f10x_it.o(.text)
    HardFault_Handler                        0x080005c7   Thumb Code     4  stm32f10x_it.o(.text)
    MemManage_Handler                        0x080005cb   Thumb Code     4  stm32f10x_it.o(.text)
    BusFault_Handler                         0x080005cf   Thumb Code     4  stm32f10x_it.o(.text)
    UsageFault_Handler                       0x080005d3   Thumb Code     4  stm32f10x_it.o(.text)
    DebugMon_Handler                         0x080005d7   Thumb Code     2  stm32f10x_it.o(.text)
    SystemInit                               0x080006b7   Thumb Code    78  system_stm32f10x.o(.text)
    SystemCoreClockUpdate                    0x08000705   Thumb Code   142  system_stm32f10x.o(.text)
    LED_Init                                 0x080007b9   Thumb Code    68  led.o(.text)
    KEY_Init                                 0x08000805   Thumb Code    52  key.o(.text)
    KEY_Scan                                 0x08000839   Thumb Code   150  key.o(.text)
    SysTick_Handler                          0x080008dd   Thumb Code    16  delay.o(.text)
    delay_init                               0x080008ed   Thumb Code    76  delay.o(.text)
    delay_us                                 0x08000939   Thumb Code    70  delay.o(.text)
    delay_ms                                 0x0800097f   Thumb Code    62  delay.o(.text)
    delay_xms                                0x080009bd   Thumb Code    24  delay.o(.text)
    _sys_exit                                0x080009e5   Thumb Code     6  usart.o(.text)
    fputc                                    0x080009eb   Thumb Code    24  usart.o(.text)
    uart_init                                0x08000a03   Thumb Code   152  usart.o(.text)
    USART1_IRQHandler                        0x08000a9b   Thumb Code   122  usart.o(.text)
    Reset_Handler                            0x08000b25   Thumb Code     8  startup_stm32f10x_hd_mdk.o(.text)
    ADC1_2_IRQHandler                        0x08000b3f   Thumb Code     0  startup_stm32f10x_hd_mdk.o(.text)
    ADC3_IRQHandler                          0x08000b3f   Thumb Code     0  startup_stm32f10x_hd_mdk.o(.text)
    CAN1_RX1_IRQHandler                      0x08000b3f   Thumb Code     0  startup_stm32f10x_hd_mdk.o(.text)
    CAN1_SCE_IRQHandler                      0x08000b3f   Thumb Code     0  startup_stm32f10x_hd_mdk.o(.text)
    DMA1_Channel1_IRQHandler                 0x08000b3f   Thumb Code     0  startup_stm32f10x_hd_mdk.o(.text)
    DMA1_Channel2_IRQHandler                 0x08000b3f   Thumb Code     0  startup_stm32f10x_hd_mdk.o(.text)
    DMA1_Channel3_IRQHandler                 0x08000b3f   Thumb Code     0  startup_stm32f10x_hd_mdk.o(.text)
    DMA1_Channel4_IRQHandler                 0x08000b3f   Thumb Code     0  startup_stm32f10x_hd_mdk.o(.text)
    DMA1_Channel5_IRQHandler                 0x08000b3f   Thumb Code     0  startup_stm32f10x_hd_mdk.o(.text)
    DMA1_Channel6_IRQHandler                 0x08000b3f   Thumb Code     0  startup_stm32f10x_hd_mdk.o(.text)
    DMA1_Channel7_IRQHandler                 0x08000b3f   Thumb Code     0  startup_stm32f10x_hd_mdk.o(.text)
    DMA2_Channel1_IRQHandler                 0x08000b3f   Thumb Code     0  startup_stm32f10x_hd_mdk.o(.text)
    DMA2_Channel2_IRQHandler                 0x08000b3f   Thumb Code     0  startup_stm32f10x_hd_mdk.o(.text)
    DMA2_Channel3_IRQHandler                 0x08000b3f   Thumb Code     0  startup_stm32f10x_hd_mdk.o(.text)
    DMA2_Channel4_5_IRQHandler               0x08000b3f   Thumb Code     0  startup_stm32f10x_hd_mdk.o(.text)
    EXTI0_IRQHandler                         0x08000b3f   Thumb Code     0  startup_stm32f10x_hd_mdk.o(.text)
    EXTI15_10_IRQHandler                     0x08000b3f   Thumb Code     0  startup_stm32f10x_hd_mdk.o(.text)
    EXTI1_IRQHandler                         0x08000b3f   Thumb Code     0  startup_stm32f10x_hd_mdk.o(.text)
    EXTI2_IRQHandler                         0x08000b3f   Thumb Code     0  startup_stm32f10x_hd_mdk.o(.text)
    EXTI3_IRQHandler                         0x08000b3f   Thumb Code     0  startup_stm32f10x_hd_mdk.o(.text)
    EXTI4_IRQHandler                         0x08000b3f   Thumb Code     0  startup_stm32f10x_hd_mdk.o(.text)
    EXTI9_5_IRQHandler                       0x08000b3f   Thumb Code     0  startup_stm32f10x_hd_mdk.o(.text)
    FLASH_IRQHandler                         0x08000b3f   Thumb Code     0  startup_stm32f10x_hd_mdk.o(.text)
    FSMC_IRQHandler                          0x08000b3f   Thumb Code     0  startup_stm32f10x_hd_mdk.o(.text)
    I2C1_ER_IRQHandler                       0x08000b3f   Thumb Code     0  startup_stm32f10x_hd_mdk.o(.text)
    I2C1_EV_IRQHandler                       0x08000b3f   Thumb Code     0  startup_stm32f10x_hd_mdk.o(.text)
    I2C2_ER_IRQHandler                       0x08000b3f   Thumb Code     0  startup_stm32f10x_hd_mdk.o(.text)
    I2C2_EV_IRQHandler                       0x08000b3f   Thumb Code     0  startup_stm32f10x_hd_mdk.o(.text)
    PVD_IRQHandler                           0x08000b3f   Thumb Code     0  startup_stm32f10x_hd_mdk.o(.text)
    RCC_IRQHandler                           0x08000b3f   Thumb Code     0  startup_stm32f10x_hd_mdk.o(.text)
    RTCAlarm_IRQHandler                      0x08000b3f   Thumb Code     0  startup_stm32f10x_hd_mdk.o(.text)
    RTC_IRQHandler                           0x08000b3f   Thumb Code     0  startup_stm32f10x_hd_mdk.o(.text)
    SDIO_IRQHandler                          0x08000b3f   Thumb Code     0  startup_stm32f10x_hd_mdk.o(.text)
    SPI1_IRQHandler                          0x08000b3f   Thumb Code     0  startup_stm32f10x_hd_mdk.o(.text)
    SPI2_IRQHandler                          0x08000b3f   Thumb Code     0  startup_stm32f10x_hd_mdk.o(.text)
    SPI3_IRQHandler                          0x08000b3f   Thumb Code     0  startup_stm32f10x_hd_mdk.o(.text)
    TAMPER_IRQHandler                        0x08000b3f   Thumb Code     0  startup_stm32f10x_hd_mdk.o(.text)
    TIM1_BRK_IRQHandler                      0x08000b3f   Thumb Code     0  startup_stm32f10x_hd_mdk.o(.text)
    TIM1_CC_IRQHandler                       0x08000b3f   Thumb Code     0  startup_stm32f10x_hd_mdk.o(.text)
    TIM1_TRG_COM_IRQHandler                  0x08000b3f   Thumb Code     0  startup_stm32f10x_hd_mdk.o(.text)
    TIM1_UP_IRQHandler                       0x08000b3f   Thumb Code     0  startup_stm32f10x_hd_mdk.o(.text)
    TIM2_IRQHandler                          0x08000b3f   Thumb Code     0  startup_stm32f10x_hd_mdk.o(.text)
    TIM3_IRQHandler                          0x08000b3f   Thumb Code     0  startup_stm32f10x_hd_mdk.o(.text)
    TIM4_IRQHandler                          0x08000b3f   Thumb Code     0  startup_stm32f10x_hd_mdk.o(.text)
    TIM5_IRQHandler                          0x08000b3f   Thumb Code     0  startup_stm32f10x_hd_mdk.o(.text)
    TIM6_IRQHandler                          0x08000b3f   Thumb Code     0  startup_stm32f10x_hd_mdk.o(.text)
    TIM7_IRQHandler                          0x08000b3f   Thumb Code     0  startup_stm32f10x_hd_mdk.o(.text)
    TIM8_BRK_IRQHandler                      0x08000b3f   Thumb Code     0  startup_stm32f10x_hd_mdk.o(.text)
    TIM8_CC_IRQHandler                       0x08000b3f   Thumb Code     0  startup_stm32f10x_hd_mdk.o(.text)
    TIM8_TRG_COM_IRQHandler                  0x08000b3f   Thumb Code     0  startup_stm32f10x_hd_mdk.o(.text)
    TIM8_UP_IRQHandler                       0x08000b3f   Thumb Code     0  startup_stm32f10x_hd_mdk.o(.text)
    UART4_IRQHandler                         0x08000b3f   Thumb Code     0  startup_stm32f10x_hd_mdk.o(.text)
    UART5_IRQHandler                         0x08000b3f   Thumb Code     0  startup_stm32f10x_hd_mdk.o(.text)
    USART2_IRQHandler                        0x08000b3f   Thumb Code     0  startup_stm32f10x_hd_mdk.o(.text)
    USART3_IRQHandler                        0x08000b3f   Thumb Code     0  startup_stm32f10x_hd_mdk.o(.text)
    USBWakeUp_IRQHandler                     0x08000b3f   Thumb Code     0  startup_stm32f10x_hd_mdk.o(.text)
    USB_HP_CAN1_TX_IRQHandler                0x08000b3f   Thumb Code     0  startup_stm32f10x_hd_mdk.o(.text)
    USB_LP_CAN1_RX0_IRQHandler               0x08000b3f   Thumb Code     0  startup_stm32f10x_hd_mdk.o(.text)
    WWDG_IRQHandler                          0x08000b3f   Thumb Code     0  startup_stm32f10x_hd_mdk.o(.text)
    __user_initial_stackheap                 0x08000b41   Thumb Code     0  startup_stm32f10x_hd_mdk.o(.text)
    NVIC_PriorityGroupConfig                 0x08000b65   Thumb Code    10  misc.o(.text)
    NVIC_Init                                0x08000b6f   Thumb Code   100  misc.o(.text)
    NVIC_SetVectorTable                      0x08000bd3   Thumb Code    14  misc.o(.text)
    NVIC_SystemLPConfig                      0x08000be1   Thumb Code    34  misc.o(.text)
    SysTick_CLKSourceConfig                  0x08000c03   Thumb Code    40  misc.o(.text)
    GPIO_DeInit                              0x08000c41   Thumb Code   172  stm32f10x_gpio.o(.text)
    GPIO_AFIODeInit                          0x08000ced   Thumb Code    20  stm32f10x_gpio.o(.text)
    GPIO_Init                                0x08000d01   Thumb Code   278  stm32f10x_gpio.o(.text)
    GPIO_StructInit                          0x08000e17   Thumb Code    16  stm32f10x_gpio.o(.text)
    GPIO_ReadInputDataBit                    0x08000e27   Thumb Code    18  stm32f10x_gpio.o(.text)
    GPIO_ReadInputData                       0x08000e39   Thumb Code     8  stm32f10x_gpio.o(.text)
    GPIO_ReadOutputDataBit                   0x08000e41   Thumb Code    18  stm32f10x_gpio.o(.text)
    GPIO_ReadOutputData                      0x08000e53   Thumb Code     8  stm32f10x_gpio.o(.text)
    GPIO_SetBits                             0x08000e5b   Thumb Code     4  stm32f10x_gpio.o(.text)
    GPIO_ResetBits                           0x08000e5f   Thumb Code     4  stm32f10x_gpio.o(.text)
    GPIO_WriteBit                            0x08000e63   Thumb Code    10  stm32f10x_gpio.o(.text)
    GPIO_Write                               0x08000e6d   Thumb Code     4  stm32f10x_gpio.o(.text)
    GPIO_PinLockConfig                       0x08000e71   Thumb Code    18  stm32f10x_gpio.o(.text)
    GPIO_EventOutputConfig                   0x08000e83   Thumb Code    26  stm32f10x_gpio.o(.text)
    GPIO_EventOutputCmd                      0x08000e9d   Thumb Code     6  stm32f10x_gpio.o(.text)
    GPIO_PinRemapConfig                      0x08000ea3   Thumb Code   138  stm32f10x_gpio.o(.text)
    GPIO_EXTILineConfig                      0x08000f2d   Thumb Code    66  stm32f10x_gpio.o(.text)
    GPIO_ETH_MediaInterfaceConfig            0x08000f6f   Thumb Code     8  stm32f10x_gpio.o(.text)
    RCC_DeInit                               0x08000f9d   Thumb Code    64  stm32f10x_rcc.o(.text)
    RCC_HSEConfig                            0x08000fdd   Thumb Code    70  stm32f10x_rcc.o(.text)
    RCC_GetFlagStatus                        0x08001023   Thumb Code    56  stm32f10x_rcc.o(.text)
    RCC_WaitForHSEStartUp                    0x0800105b   Thumb Code    56  stm32f10x_rcc.o(.text)
    RCC_AdjustHSICalibrationValue            0x08001093   Thumb Code    20  stm32f10x_rcc.o(.text)
    RCC_HSICmd                               0x080010a7   Thumb Code     6  stm32f10x_rcc.o(.text)
    RCC_PLLConfig                            0x080010ad   Thumb Code    24  stm32f10x_rcc.o(.text)
    RCC_PLLCmd                               0x080010c5   Thumb Code     6  stm32f10x_rcc.o(.text)
    RCC_SYSCLKConfig                         0x080010cb   Thumb Code    18  stm32f10x_rcc.o(.text)
    RCC_GetSYSCLKSource                      0x080010dd   Thumb Code    10  stm32f10x_rcc.o(.text)
    RCC_HCLKConfig                           0x080010e7   Thumb Code    18  stm32f10x_rcc.o(.text)
    RCC_PCLK1Config                          0x080010f9   Thumb Code    18  stm32f10x_rcc.o(.text)
    RCC_PCLK2Config                          0x0800110b   Thumb Code    20  stm32f10x_rcc.o(.text)
    RCC_ITConfig                             0x0800111f   Thumb Code    26  stm32f10x_rcc.o(.text)
    RCC_USBCLKConfig                         0x08001139   Thumb Code     8  stm32f10x_rcc.o(.text)
    RCC_ADCCLKConfig                         0x08001141   Thumb Code    18  stm32f10x_rcc.o(.text)
    RCC_LSEConfig                            0x08001153   Thumb Code    50  stm32f10x_rcc.o(.text)
    RCC_LSICmd                               0x08001185   Thumb Code     6  stm32f10x_rcc.o(.text)
    RCC_RTCCLKConfig                         0x0800118b   Thumb Code    12  stm32f10x_rcc.o(.text)
    RCC_RTCCLKCmd                            0x08001197   Thumb Code     8  stm32f10x_rcc.o(.text)
    RCC_GetClocksFreq                        0x0800119f   Thumb Code   192  stm32f10x_rcc.o(.text)
    RCC_AHBPeriphClockCmd                    0x0800125f   Thumb Code    26  stm32f10x_rcc.o(.text)
    RCC_APB2PeriphClockCmd                   0x08001279   Thumb Code    26  stm32f10x_rcc.o(.text)
    RCC_APB1PeriphClockCmd                   0x08001293   Thumb Code    26  stm32f10x_rcc.o(.text)
    RCC_APB2PeriphResetCmd                   0x080012ad   Thumb Code    26  stm32f10x_rcc.o(.text)
    RCC_APB1PeriphResetCmd                   0x080012c7   Thumb Code    26  stm32f10x_rcc.o(.text)
    RCC_BackupResetCmd                       0x080012e1   Thumb Code     8  stm32f10x_rcc.o(.text)
    RCC_ClockSecuritySystemCmd               0x080012e9   Thumb Code     6  stm32f10x_rcc.o(.text)
    RCC_MCOConfig                            0x080012ef   Thumb Code     6  stm32f10x_rcc.o(.text)
    RCC_ClearFlag                            0x080012f5   Thumb Code    14  stm32f10x_rcc.o(.text)
    RCC_GetITStatus                          0x08001303   Thumb Code    20  stm32f10x_rcc.o(.text)
    RCC_ClearITPendingBit                    0x08001317   Thumb Code     6  stm32f10x_rcc.o(.text)
    USART_DeInit                             0x08001341   Thumb Code   134  stm32f10x_usart.o(.text)
    USART_Init                               0x080013c7   Thumb Code   210  stm32f10x_usart.o(.text)
    USART_StructInit                         0x08001499   Thumb Code    24  stm32f10x_usart.o(.text)
    USART_ClockInit                          0x080014b1   Thumb Code    34  stm32f10x_usart.o(.text)
    USART_ClockStructInit                    0x080014d3   Thumb Code    12  stm32f10x_usart.o(.text)
    USART_Cmd                                0x080014df   Thumb Code    24  stm32f10x_usart.o(.text)
    USART_ITConfig                           0x080014f7   Thumb Code    74  stm32f10x_usart.o(.text)
    USART_DMACmd                             0x08001541   Thumb Code    18  stm32f10x_usart.o(.text)
    USART_SetAddress                         0x08001553   Thumb Code    18  stm32f10x_usart.o(.text)
    USART_WakeUpConfig                       0x08001565   Thumb Code    18  stm32f10x_usart.o(.text)
    USART_ReceiverWakeUpCmd                  0x08001577   Thumb Code    24  stm32f10x_usart.o(.text)
    USART_LINBreakDetectLengthConfig         0x0800158f   Thumb Code    18  stm32f10x_usart.o(.text)
    USART_LINCmd                             0x080015a1   Thumb Code    24  stm32f10x_usart.o(.text)
    USART_SendData                           0x080015b9   Thumb Code     8  stm32f10x_usart.o(.text)
    USART_ReceiveData                        0x080015c1   Thumb Code    10  stm32f10x_usart.o(.text)
    USART_SendBreak                          0x080015cb   Thumb Code    10  stm32f10x_usart.o(.text)
    USART_SetGuardTime                       0x080015d5   Thumb Code    16  stm32f10x_usart.o(.text)
    USART_SetPrescaler                       0x080015e5   Thumb Code    16  stm32f10x_usart.o(.text)
    USART_SmartCardCmd                       0x080015f5   Thumb Code    24  stm32f10x_usart.o(.text)
    USART_SmartCardNACKCmd                   0x0800160d   Thumb Code    24  stm32f10x_usart.o(.text)
    USART_HalfDuplexCmd                      0x08001625   Thumb Code    24  stm32f10x_usart.o(.text)
    USART_OverSampling8Cmd                   0x0800163d   Thumb Code    22  stm32f10x_usart.o(.text)
    USART_OneBitMethodCmd                    0x08001653   Thumb Code    24  stm32f10x_usart.o(.text)
    USART_IrDAConfig                         0x0800166b   Thumb Code    18  stm32f10x_usart.o(.text)
    USART_IrDACmd                            0x0800167d   Thumb Code    24  stm32f10x_usart.o(.text)
    USART_GetFlagStatus                      0x08001695   Thumb Code    26  stm32f10x_usart.o(.text)
    USART_ClearFlag                          0x080016af   Thumb Code    18  stm32f10x_usart.o(.text)
    USART_GetITStatus                        0x080016c1   Thumb Code    84  stm32f10x_usart.o(.text)
    USART_ClearITPendingBit                  0x08001715   Thumb Code    52  stm32f10x_usart.o(.text)
    vListInitialise                          0x08001749   Thumb Code    26  list.o(.text)
    vListInitialiseItem                      0x08001763   Thumb Code     6  list.o(.text)
    vListInsertEnd                           0x08001769   Thumb Code    24  list.o(.text)
    vListInsert                              0x08001781   Thumb Code    52  list.o(.text)
    uxListRemove                             0x080017b5   Thumb Code    40  list.o(.text)
    xQueueGenericReset                       0x080017dd   Thumb Code   136  queue.o(.text)
    xQueueGenericCreate                      0x08001893   Thumb Code    78  queue.o(.text)
    xQueueGenericSend                        0x08001a89   Thumb Code   456  queue.o(.text)
    xQueueCreateMutex                        0x08001c6d   Thumb Code    34  queue.o(.text)
    xQueueGiveMutexRecursive                 0x08001c8f   Thumb Code    66  queue.o(.text)
    xQueueGenericReceive                     0x08001d15   Thumb Code   428  queue.o(.text)
    xQueueTakeMutexRecursive                 0x08001ec1   Thumb Code    76  queue.o(.text)
    xQueueCreateCountingSemaphore            0x08001f0d   Thumb Code    80  queue.o(.text)
    xQueueGenericSendFromISR                 0x08001f5d   Thumb Code   252  queue.o(.text)
    xQueueGiveFromISR                        0x08002059   Thumb Code   228  queue.o(.text)
    xQueueReceiveFromISR                     0x0800213d   Thumb Code   190  queue.o(.text)
    xQueuePeekFromISR                        0x080021fb   Thumb Code   158  queue.o(.text)
    uxQueueMessagesWaiting                   0x08002299   Thumb Code    36  queue.o(.text)
    uxQueueSpacesAvailable                   0x080022bd   Thumb Code    42  queue.o(.text)
    uxQueueMessagesWaitingFromISR            0x080022e7   Thumb Code    28  queue.o(.text)
    vQueueUnregisterQueue                    0x08002303   Thumb Code    44  queue.o(.text)
    vQueueDelete                             0x0800232f   Thumb Code    38  queue.o(.text)
    uxQueueGetQueueNumber                    0x08002355   Thumb Code     6  queue.o(.text)
    vQueueSetQueueNumber                     0x0800235b   Thumb Code     4  queue.o(.text)
    ucQueueGetQueueType                      0x0800235f   Thumb Code     8  queue.o(.text)
    xQueueIsQueueEmptyFromISR                0x08002367   Thumb Code    36  queue.o(.text)
    xQueueIsQueueFullFromISR                 0x0800238b   Thumb Code    40  queue.o(.text)
    vQueueAddToRegistry                      0x080023b3   Thumb Code    38  queue.o(.text)
    pcQueueGetName                           0x080023d9   Thumb Code    38  queue.o(.text)
    vQueueWaitForMessageRestricted           0x080023ff   Thumb Code    74  queue.o(.text)
    xQueueCreateSet                          0x08002449   Thumb Code    20  queue.o(.text)
    xQueueAddToSet                           0x0800245d   Thumb Code    38  queue.o(.text)
    xQueueRemoveFromSet                      0x08002483   Thumb Code    48  queue.o(.text)
    xQueueSelectFromSet                      0x080024b3   Thumb Code    26  queue.o(.text)
    xQueueSelectFromSetFromISR               0x080024cd   Thumb Code    22  queue.o(.text)
    xTaskCreate                              0x08002675   Thumb Code    96  tasks.o(.text)
    vTaskDelete                              0x08002711   Thumb Code   192  tasks.o(.text)
    xTaskIncrementTick                       0x080027d1   Thumb Code   392  tasks.o(.text)
    xTaskResumeAll                           0x08002959   Thumb Code   218  tasks.o(.text)
    vTaskSuspendAll                          0x08002aaf   Thumb Code    12  tasks.o(.text)
    vTaskDelayUntil                          0x08002abb   Thumb Code   182  tasks.o(.text)
    vTaskDelay                               0x08002b71   Thumb Code    76  tasks.o(.text)
    eTaskGetState                            0x08002bbd   Thumb Code   106  tasks.o(.text)
    uxTaskPriorityGet                        0x08002c27   Thumb Code    30  tasks.o(.text)
    uxTaskPriorityGetFromISR                 0x08002c45   Thumb Code    62  tasks.o(.text)
    vTaskPrioritySet                         0x08002c83   Thumb Code   320  tasks.o(.text)
    vTaskSwitchContext                       0x08002dc3   Thumb Code   114  tasks.o(.text)
    vTaskSuspend                             0x08002e35   Thumb Code   190  tasks.o(.text)
    vTaskResume                              0x08002f3f   Thumb Code   122  tasks.o(.text)
    xTaskResumeFromISR                       0x08002fb9   Thumb Code   152  tasks.o(.text)
    vTaskStartScheduler                      0x080030c7   Thumb Code   112  tasks.o(.text)
    vTaskEndScheduler                        0x08003137   Thumb Code    32  tasks.o(.text)
    xTaskGetTickCount                        0x08003157   Thumb Code     6  tasks.o(.text)
    xTaskGetTickCountFromISR                 0x0800315d   Thumb Code    16  tasks.o(.text)
    uxTaskGetNumberOfTasks                   0x0800316d   Thumb Code     6  tasks.o(.text)
    pcTaskGetName                            0x08003173   Thumb Code   114  tasks.o(.text)
    vTaskGetInfo                             0x080031fb   Thumb Code   114  tasks.o(.text)
    uxTaskGetSystemState                     0x080032d7   Thumb Code   152  tasks.o(.text)
    vTaskPlaceOnEventList                    0x0800336f   Thumb Code    46  tasks.o(.text)
    vTaskPlaceOnUnorderedEventList           0x0800339d   Thumb Code    88  tasks.o(.text)
    vTaskPlaceOnEventListRestricted          0x080033f5   Thumb Code    54  tasks.o(.text)
    xTaskRemoveFromEventList                 0x0800342b   Thumb Code   122  tasks.o(.text)
    xTaskRemoveFromUnorderedEventList        0x080034a5   Thumb Code   142  tasks.o(.text)
    vTaskSetTimeOutState                     0x08003533   Thumb Code    36  tasks.o(.text)
    xTaskCheckForTimeOut                     0x08003557   Thumb Code   124  tasks.o(.text)
    vTaskMissedYield                         0x080035d3   Thumb Code     8  tasks.o(.text)
    uxTaskGetTaskNumber                      0x080035db   Thumb Code    66  tasks.o(.text)
    vTaskSetTaskNumber                       0x0800361d   Thumb Code     8  tasks.o(.text)
    xTaskGetCurrentTaskHandle                0x08003625   Thumb Code     6  tasks.o(.text)
    xTaskGetSchedulerState                   0x0800362b   Thumb Code    24  tasks.o(.text)
    vTaskPriorityInherit                     0x08003643   Thumb Code   164  tasks.o(.text)
    xTaskPriorityDisinherit                  0x080036e7   Thumb Code   176  tasks.o(.text)
    vTaskList                                0x080037c1   Thumb Code   204  tasks.o(.text)
    uxTaskResetEventItemValue                0x0800388d   Thumb Code    24  tasks.o(.text)
    pvTaskIncrementMutexHeldCount            0x080038a5   Thumb Code    26  tasks.o(.text)
    ulTaskNotifyTake                         0x080038bf   Thumb Code   108  tasks.o(.text)
    xTaskNotifyWait                          0x0800392b   Thumb Code   150  tasks.o(.text)
    xTaskGenericNotify                       0x080039c1   Thumb Code   276  tasks.o(.text)
    xTaskGenericNotifyFromISR                0x08003ad5   Thumb Code   282  tasks.o(.text)
    vTaskNotifyGiveFromISR                   0x08003bef   Thumb Code   200  tasks.o(.text)
    xTaskNotifyStateClear                    0x08003cb7   Thumb Code    48  tasks.o(.text)
    xTimerGenericCommand                     0x08003d59   Thumb Code   118  timers.o(.text)
    xTimerCreateTimerTask                    0x080040c1   Thumb Code    56  timers.o(.text)
    xTimerCreate                             0x0800419f   Thumb Code    48  timers.o(.text)
    xTimerGetTimerDaemonTaskHandle           0x080041cf   Thumb Code    38  timers.o(.text)
    xTimerGetPeriod                          0x080041f5   Thumb Code    28  timers.o(.text)
    xTimerGetExpiryTime                      0x08004211   Thumb Code    30  timers.o(.text)
    pcTimerGetName                           0x0800422f   Thumb Code    28  timers.o(.text)
    xTimerIsTimerActive                      0x0800424b   Thumb Code    50  timers.o(.text)
    pvTimerGetTimerID                        0x0800427d   Thumb Code    38  timers.o(.text)
    vTimerSetTimerID                         0x080042a3   Thumb Code    38  timers.o(.text)
    xTimerPendFunctionCallFromISR            0x080042c9   Thumb Code    48  timers.o(.text)
    xTimerPendFunctionCall                   0x080042f9   Thumb Code    70  timers.o(.text)
    pxPortInitialiseStack                    0x08004379   Thumb Code    30  port.o(.text)
    vPortSetupTimerInterrupt                 0x08004397   Thumb Code    26  port.o(.text)
    xPortStartScheduler                      0x080043b1   Thumb Code   140  port.o(.text)
    vPortEndScheduler                        0x0800443d   Thumb Code    34  port.o(.text)
    vPortEnterCritical                       0x0800445f   Thumb Code    70  port.o(.text)
    vPortExitCritical                        0x080044a5   Thumb Code    48  port.o(.text)
    xPortSysTickHandler                      0x080044d5   Thumb Code    48  port.o(.text)
    vPortValidateInterruptPriority           0x08004505   Thumb Code    88  port.o(.text)
    pvPortMalloc                             0x08004677   Thumb Code   262  heap_4.o(.text)
    vPortFree                                0x0800477d   Thumb Code   120  heap_4.o(.text)
    xPortGetFreeHeapSize                     0x080047f5   Thumb Code     6  heap_4.o(.text)
    xPortGetMinimumEverFreeHeapSize          0x080047fb   Thumb Code     6  heap_4.o(.text)
    vPortInitialiseBlocks                    0x08004801   Thumb Code     2  heap_4.o(.text)
    __use_no_semihosting                     0x08004855   Thumb Code     2  use_no_semi_2.o(.text)
    __2printf                                0x08004859   Thumb Code    20  noretval__2printf.o(.text)
    __2sprintf                               0x08004871   Thumb Code    34  noretval__2sprintf.o(.text)
    _printf_str                              0x08004899   Thumb Code    82  _printf_str.o(.text)
    _printf_int_dec                          0x080048ed   Thumb Code   104  _printf_dec.o(.text)
    __printf                                 0x08004965   Thumb Code   270  __printf_wp.o(.text)
    strcpy                                   0x08004a73   Thumb Code    72  strcpy.o(.text)
    strlen                                   0x08004abb   Thumb Code    62  strlen.o(.text)
    __aeabi_memcpy                           0x08004af9   Thumb Code     0  rt_memcpy_v6.o(.text)
    __rt_memcpy                              0x08004af9   Thumb Code   138  rt_memcpy_v6.o(.text)
    _memcpy_lastbytes                        0x08004b5f   Thumb Code     0  rt_memcpy_v6.o(.text)
    __aeabi_memset                           0x08004b83   Thumb Code    16  aeabi_memset.o(.text)
    __use_two_region_memory                  0x08004b93   Thumb Code     2  heapauxi.o(.text)
    __rt_heap_escrow$2region                 0x08004b95   Thumb Code     2  heapauxi.o(.text)
    __rt_heap_expand$2region                 0x08004b97   Thumb Code     2  heapauxi.o(.text)
    __I$use$semihosting                      0x08004b99   Thumb Code     0  use_no_semi.o(.text)
    __use_no_semihosting_swi                 0x08004b99   Thumb Code     2  use_no_semi.o(.text)
    _printf_int_common                       0x08004b9b   Thumb Code   178  _printf_intcommon.o(.text)
    __lib_sel_fp_printf                      0x08004c4d   Thumb Code     2  _printf_fp_dec.o(.text)
    _printf_fp_dec_real                      0x08004dfb   Thumb Code   620  _printf_fp_dec.o(.text)
    _printf_char_common                      0x08005073   Thumb Code    32  _printf_char_common.o(.text)
    _sputc                                   0x08005099   Thumb Code    10  _sputc.o(.text)
    _printf_cs_common                        0x080050a3   Thumb Code    20  _printf_char.o(.text)
    _printf_char                             0x080050b7   Thumb Code    16  _printf_char.o(.text)
    _printf_string                           0x080050c7   Thumb Code     8  _printf_char.o(.text)
    _printf_char_file                        0x080050d1   Thumb Code    32  _printf_char_file.o(.text)
    __aeabi_memcpy4                          0x080050f5   Thumb Code     0  rt_memcpy_w.o(.text)
    __aeabi_memcpy8                          0x080050f5   Thumb Code     0  rt_memcpy_w.o(.text)
    __rt_memcpy_w                            0x080050f5   Thumb Code   100  rt_memcpy_w.o(.text)
    _memcpy_lastbytes_aligned                0x0800513d   Thumb Code     0  rt_memcpy_w.o(.text)
    __aeabi_memclr                           0x08005159   Thumb Code     0  rt_memclr.o(.text)
    __rt_memclr                              0x08005159   Thumb Code    68  rt_memclr.o(.text)
    _memset                                  0x0800515d   Thumb Code     0  rt_memclr.o(.text)
    __rt_locale                              0x0800519d   Thumb Code     8  rt_locale_intlibspace.o(.text)
    _ll_udiv10                               0x080051a5   Thumb Code   138  lludiv10.o(.text)
    _printf_fp_infnan                        0x08005231   Thumb Code   112  _printf_fp_infnan.o(.text)
    _btod_etento                             0x080052b1   Thumb Code   216  bigflt0.o(.text)
    ferror                                   0x0800538d   Thumb Code     8  ferror.o(.text)
    __aeabi_memclr4                          0x08005395   Thumb Code     0  rt_memclr_w.o(.text)
    __aeabi_memclr8                          0x08005395   Thumb Code     0  rt_memclr_w.o(.text)
    __rt_memclr_w                            0x08005395   Thumb Code    78  rt_memclr_w.o(.text)
    _memset_w                                0x08005399   Thumb Code     0  rt_memclr_w.o(.text)
    __user_libspace                          0x080053e5   Thumb Code     8  libspace.o(.text)
    __user_perproc_libspace                  0x080053e5   Thumb Code     0  libspace.o(.text)
    __user_perthread_libspace                0x080053e5   Thumb Code     0  libspace.o(.text)
    __user_setup_stackheap                   0x080053ed   Thumb Code    74  sys_stackheap_outer.o(.text)
    exit                                     0x08005437   Thumb Code    12  exit.o(.text)
    strcmp                                   0x08005445   Thumb Code   128  strcmpv7m.o(.text)
    _btod_d2e                                0x080054c5   Thumb Code    62  btod.o(CL$$btod_d2e)
    _d2e_denorm_low                          0x08005503   Thumb Code    70  btod.o(CL$$btod_d2e_denorm_low)
    _d2e_norm_op1                            0x08005549   Thumb Code    96  btod.o(CL$$btod_d2e_norm_op1)
    __btod_div_common                        0x080055a9   Thumb Code   696  btod.o(CL$$btod_div_common)
    _e2e                                     0x080058e1   Thumb Code   198  btod.o(CL$$btod_e2e)
    _btod_ediv                               0x080059a7   Thumb Code    40  btod.o(CL$$btod_ediv)
    _btod_emul                               0x080059cf   Thumb Code    40  btod.o(CL$$btod_emul)
    __btod_mult_common                       0x080059f7   Thumb Code   580  btod.o(CL$$btod_mult_common)
    __ARM_fpclassify                         0x08005c3b   Thumb Code    40  fpclassify.o(i.__ARM_fpclassify)
    _is_digit                                0x08005c63   Thumb Code    14  __printf_wp.o(i._is_digit)
    _get_lc_numeric                          0x08005c71   Thumb Code    44  lc_numeric_c.o(locale$$code)
    __fpl_dretinf                            0x08005c9d   Thumb Code    12  dretinf.o(x$fpl$dretinf)
    __aeabi_f2d                              0x08005ca9   Thumb Code     0  f2d.o(x$fpl$f2d)
    _f2d                                     0x08005ca9   Thumb Code    86  f2d.o(x$fpl$f2d)
    __aeabi_fadd                             0x08005d01   Thumb Code     0  faddsub_clz.o(x$fpl$fadd)
    _fadd                                    0x08005d01   Thumb Code   196  faddsub_clz.o(x$fpl$fadd)
    __fpl_fnaninf                            0x08005dc5   Thumb Code   140  fnaninf.o(x$fpl$fnaninf)
    __fpl_fretinf                            0x08005e51   Thumb Code    10  fretinf.o(x$fpl$fretinf)
    __aeabi_fsub                             0x08005e5d   Thumb Code     0  faddsub_clz.o(x$fpl$fsub)
    _fsub                                    0x08005e5d   Thumb Code   234  faddsub_clz.o(x$fpl$fsub)
    _printf_fp_dec                           0x08005f47   Thumb Code     4  printf1.o(x$fpl$printf1)
    __I$use$fp                               0x08005f4a   Number         0  usenofp.o(x$fpl$usenofp)
    Region$$Table$$Base                      0x08005fe0   Number         0  anon$$obj.o(Region$$Table)
    Region$$Table$$Limit                     0x08006000   Number         0  anon$$obj.o(Region$$Table)
    StartTask_Handler                        0x20000000   Data           4  main.o(.data)
    Task1Task_Handler                        0x20000004   Data           4  main.o(.data)
    Task2Task_Handler                        0x20000008   Data           4  main.o(.data)
    Task3Task_Handler                        0x2000000c   Data           4  main.o(.data)
    SystemCoreClock                          0x20000014   Data           4  system_stm32f10x.o(.data)
    AHBPrescTable                            0x20000018   Data          16  system_stm32f10x.o(.data)
    __stdout                                 0x20000030   Data           4  usart.o(.data)
    USART_RX_STA                             0x20000034   Data           2  usart.o(.data)
    pxCurrentTCB                             0x2000004c   Data           4  tasks.o(.data)
    USART_RX_BUF                             0x200000c0   Data         200  usart.o(.bss)
    xQueueRegistry                           0x20000188   Data          64  queue.o(.bss)
    __libspace_start                         0x200054d4   Data          96  libspace.o(.bss)
    __temporary_stack_top$libspace           0x20005534   Data           0  libspace.o(.bss)



==============================================================================

Memory Map of the image

  Image Entry point : 0x08000131

  Load Region LR_IROM1 (Base: 0x08000000, Size: 0x000060dc, Max: 0x00080000, ABSOLUTE)

    Execution Region ER_IROM1 (Base: 0x08000000, Size: 0x0000601c, Max: 0x00080000, ABSOLUTE)

    Base Addr    Size         Type   Attr      Idx    E Section Name        Object

    0x08000000   0x00000130   Data   RO          317    RESET               startup_stm32f10x_hd_mdk.o
    0x08000130   0x00000008   Code   RO          602  * !!!main             c_w.l(__main.o)
    0x08000138   0x00000034   Code   RO          841    !!!scatter          c_w.l(__scatter.o)
    0x0800016c   0x0000001a   Code   RO          843    !!handler_copy      c_w.l(__scatter_copy.o)
    0x08000186   0x00000002   PAD
    0x08000188   0x0000001c   Code   RO          845    !!handler_zi        c_w.l(__scatter_zi.o)
    0x080001a4   0x00000000   Code   RO          591    .ARM.Collect$$_printf_percent$$00000000  c_w.l(_printf_percent.o)
    0x080001a4   0x00000006   Code   RO          590    .ARM.Collect$$_printf_percent$$00000003  c_w.l(_printf_f.o)
    0x080001aa   0x00000006   Code   RO          588    .ARM.Collect$$_printf_percent$$00000009  c_w.l(_printf_d.o)
    0x080001b0   0x00000006   Code   RO          589    .ARM.Collect$$_printf_percent$$0000000A  c_w.l(_printf_u.o)
    0x080001b6   0x00000006   Code   RO          586    .ARM.Collect$$_printf_percent$$00000013  c_w.l(_printf_c.o)
    0x080001bc   0x00000006   Code   RO          587    .ARM.Collect$$_printf_percent$$00000014  c_w.l(_printf_s.o)
    0x080001c2   0x00000004   Code   RO          629    .ARM.Collect$$_printf_percent$$00000017  c_w.l(_printf_percent_end.o)
    0x080001c6   0x00000002   Code   RO          719    .ARM.Collect$$libinit$$00000000  c_w.l(libinit.o)
    0x080001c8   0x00000000   Code   RO          721    .ARM.Collect$$libinit$$00000002  c_w.l(libinit2.o)
    0x080001c8   0x00000000   Code   RO          723    .ARM.Collect$$libinit$$00000004  c_w.l(libinit2.o)
    0x080001c8   0x00000000   Code   RO          726    .ARM.Collect$$libinit$$0000000A  c_w.l(libinit2.o)
    0x080001c8   0x00000000   Code   RO          728    .ARM.Collect$$libinit$$0000000C  c_w.l(libinit2.o)
    0x080001c8   0x00000000   Code   RO          730    .ARM.Collect$$libinit$$0000000E  c_w.l(libinit2.o)
    0x080001c8   0x00000006   Code   RO          731    .ARM.Collect$$libinit$$0000000F  c_w.l(libinit2.o)
    0x080001ce   0x00000000   Code   RO          733    .ARM.Collect$$libinit$$00000011  c_w.l(libinit2.o)
    0x080001ce   0x00000000   Code   RO          735    .ARM.Collect$$libinit$$00000013  c_w.l(libinit2.o)
    0x080001ce   0x00000000   Code   RO          737    .ARM.Collect$$libinit$$00000015  c_w.l(libinit2.o)
    0x080001ce   0x0000000a   Code   RO          738    .ARM.Collect$$libinit$$00000016  c_w.l(libinit2.o)
    0x080001d8   0x00000000   Code   RO          739    .ARM.Collect$$libinit$$00000017  c_w.l(libinit2.o)
    0x080001d8   0x00000000   Code   RO          741    .ARM.Collect$$libinit$$00000019  c_w.l(libinit2.o)
    0x080001d8   0x00000000   Code   RO          743    .ARM.Collect$$libinit$$0000001B  c_w.l(libinit2.o)
    0x080001d8   0x00000000   Code   RO          745    .ARM.Collect$$libinit$$0000001D  c_w.l(libinit2.o)
    0x080001d8   0x00000000   Code   RO          747    .ARM.Collect$$libinit$$0000001F  c_w.l(libinit2.o)
    0x080001d8   0x00000000   Code   RO          749    .ARM.Collect$$libinit$$00000021  c_w.l(libinit2.o)
    0x080001d8   0x00000000   Code   RO          751    .ARM.Collect$$libinit$$00000023  c_w.l(libinit2.o)
    0x080001d8   0x00000000   Code   RO          753    .ARM.Collect$$libinit$$00000025  c_w.l(libinit2.o)
    0x080001d8   0x00000000   Code   RO          757    .ARM.Collect$$libinit$$0000002C  c_w.l(libinit2.o)
    0x080001d8   0x00000000   Code   RO          759    .ARM.Collect$$libinit$$0000002E  c_w.l(libinit2.o)
    0x080001d8   0x00000000   Code   RO          761    .ARM.Collect$$libinit$$00000030  c_w.l(libinit2.o)
    0x080001d8   0x00000000   Code   RO          763    .ARM.Collect$$libinit$$00000032  c_w.l(libinit2.o)
    0x080001d8   0x00000002   Code   RO          764    .ARM.Collect$$libinit$$00000033  c_w.l(libinit2.o)
    0x080001da   0x00000002   Code   RO          792    .ARM.Collect$$libshutdown$$00000000  c_w.l(libshutdown.o)
    0x080001dc   0x00000000   Code   RO          802    .ARM.Collect$$libshutdown$$00000003  c_w.l(libshutdown2.o)
    0x080001dc   0x00000000   Code   RO          805    .ARM.Collect$$libshutdown$$00000006  c_w.l(libshutdown2.o)
    0x080001dc   0x00000000   Code   RO          808    .ARM.Collect$$libshutdown$$00000009  c_w.l(libshutdown2.o)
    0x080001dc   0x00000000   Code   RO          810    .ARM.Collect$$libshutdown$$0000000B  c_w.l(libshutdown2.o)
    0x080001dc   0x00000000   Code   RO          813    .ARM.Collect$$libshutdown$$0000000E  c_w.l(libshutdown2.o)
    0x080001dc   0x00000002   Code   RO          814    .ARM.Collect$$libshutdown$$0000000F  c_w.l(libshutdown2.o)
    0x080001de   0x00000000   Code   RO          616    .ARM.Collect$$rtentry$$00000000  c_w.l(__rtentry.o)
    0x080001de   0x00000000   Code   RO          642    .ARM.Collect$$rtentry$$00000002  c_w.l(__rtentry2.o)
    0x080001de   0x00000006   Code   RO          654    .ARM.Collect$$rtentry$$00000004  c_w.l(__rtentry4.o)
    0x080001e4   0x00000000   Code   RO          644    .ARM.Collect$$rtentry$$00000009  c_w.l(__rtentry2.o)
    0x080001e4   0x00000004   Code   RO          645    .ARM.Collect$$rtentry$$0000000A  c_w.l(__rtentry2.o)
    0x080001e8   0x00000000   Code   RO          647    .ARM.Collect$$rtentry$$0000000C  c_w.l(__rtentry2.o)
    0x080001e8   0x00000008   Code   RO          648    .ARM.Collect$$rtentry$$0000000D  c_w.l(__rtentry2.o)
    0x080001f0   0x00000002   Code   RO          765    .ARM.Collect$$rtexit$$00000000  c_w.l(rtexit.o)
    0x080001f2   0x00000000   Code   RO          772    .ARM.Collect$$rtexit$$00000002  c_w.l(rtexit2.o)
    0x080001f2   0x00000004   Code   RO          773    .ARM.Collect$$rtexit$$00000003  c_w.l(rtexit2.o)
    0x080001f6   0x00000006   Code   RO          774    .ARM.Collect$$rtexit$$00000004  c_w.l(rtexit2.o)
    0x080001fc   0x00000096   Code   RO          503    .emb_text           port.o
    0x08000292   0x00000002   PAD
    0x08000294   0x00000330   Code   RO            1    .text               main.o
    0x080005c4   0x00000014   Code   RO          154    .text               stm32f10x_it.o
    0x080005d8   0x000001e0   Code   RO          195    .text               system_stm32f10x.o
    0x080007b8   0x0000004c   Code   RO          213    .text               led.o
    0x08000804   0x000000d8   Code   RO          225    .text               key.o
    0x080008dc   0x00000108   Code   RO          238    .text               delay.o
    0x080009e4   0x00000140   Code   RO          275    .text               usart.o
    0x08000b24   0x00000040   Code   RO          318    .text               startup_stm32f10x_hd_mdk.o
    0x08000b64   0x000000dc   Code   RO          322    .text               misc.o
    0x08000c40   0x0000035c   Code   RO          334    .text               stm32f10x_gpio.o
    0x08000f9c   0x000003a4   Code   RO          346    .text               stm32f10x_rcc.o
    0x08001340   0x00000408   Code   RO          360    .text               stm32f10x_usart.o
    0x08001748   0x00000094   Code   RO          424    .text               list.o
    0x080017dc   0x00000d0c   Code   RO          436    .text               queue.o
    0x080024e8   0x00001820   Code   RO          457    .text               tasks.o
    0x08003d08   0x00000640   Code   RO          488    .text               timers.o
    0x08004348   0x0000026c   Code   RO          504    .text               port.o
    0x080045b4   0x000002a0   Code   RO          533    .text               heap_4.o
    0x08004854   0x00000002   Code   RO          550    .text               c_w.l(use_no_semi_2.o)
    0x08004856   0x00000002   PAD
    0x08004858   0x00000018   Code   RO          556    .text               c_w.l(noretval__2printf.o)
    0x08004870   0x00000028   Code   RO          558    .text               c_w.l(noretval__2sprintf.o)
    0x08004898   0x00000052   Code   RO          562    .text               c_w.l(_printf_str.o)
    0x080048ea   0x00000002   PAD
    0x080048ec   0x00000078   Code   RO          564    .text               c_w.l(_printf_dec.o)
    0x08004964   0x0000010e   Code   RO          574    .text               c_w.l(__printf_wp.o)
    0x08004a72   0x00000048   Code   RO          592    .text               c_w.l(strcpy.o)
    0x08004aba   0x0000003e   Code   RO          594    .text               c_w.l(strlen.o)
    0x08004af8   0x0000008a   Code   RO          596    .text               c_w.l(rt_memcpy_v6.o)
    0x08004b82   0x00000010   Code   RO          598    .text               c_w.l(aeabi_memset.o)
    0x08004b92   0x00000006   Code   RO          600    .text               c_w.l(heapauxi.o)
    0x08004b98   0x00000002   Code   RO          614    .text               c_w.l(use_no_semi.o)
    0x08004b9a   0x000000b2   Code   RO          617    .text               c_w.l(_printf_intcommon.o)
    0x08004c4c   0x0000041a   Code   RO          619    .text               c_w.l(_printf_fp_dec.o)
    0x08005066   0x00000002   PAD
    0x08005068   0x00000030   Code   RO          621    .text               c_w.l(_printf_char_common.o)
    0x08005098   0x0000000a   Code   RO          623    .text               c_w.l(_sputc.o)
    0x080050a2   0x0000002c   Code   RO          625    .text               c_w.l(_printf_char.o)
    0x080050ce   0x00000002   PAD
    0x080050d0   0x00000024   Code   RO          627    .text               c_w.l(_printf_char_file.o)
    0x080050f4   0x00000064   Code   RO          630    .text               c_w.l(rt_memcpy_w.o)
    0x08005158   0x00000044   Code   RO          632    .text               c_w.l(rt_memclr.o)
    0x0800519c   0x00000008   Code   RO          659    .text               c_w.l(rt_locale_intlibspace.o)
    0x080051a4   0x0000008a   Code   RO          661    .text               c_w.l(lludiv10.o)
    0x0800522e   0x00000002   PAD
    0x08005230   0x00000080   Code   RO          663    .text               c_w.l(_printf_fp_infnan.o)
    0x080052b0   0x000000dc   Code   RO          667    .text               c_w.l(bigflt0.o)
    0x0800538c   0x00000008   Code   RO          692    .text               c_w.l(ferror.o)
    0x08005394   0x0000004e   Code   RO          699    .text               c_w.l(rt_memclr_w.o)
    0x080053e2   0x00000002   PAD
    0x080053e4   0x00000008   Code   RO          705    .text               c_w.l(libspace.o)
    0x080053ec   0x0000004a   Code   RO          708    .text               c_w.l(sys_stackheap_outer.o)
    0x08005436   0x0000000c   Code   RO          710    .text               c_w.l(exit.o)
    0x08005442   0x00000002   PAD
    0x08005444   0x00000080   Code   RO          712    .text               c_w.l(strcmpv7m.o)
    0x080054c4   0x0000003e   Code   RO          670    CL$$btod_d2e        c_w.l(btod.o)
    0x08005502   0x00000046   Code   RO          672    CL$$btod_d2e_denorm_low  c_w.l(btod.o)
    0x08005548   0x00000060   Code   RO          671    CL$$btod_d2e_norm_op1  c_w.l(btod.o)
    0x080055a8   0x00000338   Code   RO          680    CL$$btod_div_common  c_w.l(btod.o)
    0x080058e0   0x000000c6   Code   RO          677    CL$$btod_e2e        c_w.l(btod.o)
    0x080059a6   0x00000028   Code   RO          674    CL$$btod_ediv       c_w.l(btod.o)
    0x080059ce   0x00000028   Code   RO          673    CL$$btod_emul       c_w.l(btod.o)
    0x080059f6   0x00000244   Code   RO          679    CL$$btod_mult_common  c_w.l(btod.o)
    0x08005c3a   0x00000028   Code   RO          703    i.__ARM_fpclassify  m_ws.l(fpclassify.o)
    0x08005c62   0x0000000e   Code   RO          576    i._is_digit         c_w.l(__printf_wp.o)
    0x08005c70   0x0000002c   Code   RO          697    locale$$code        c_w.l(lc_numeric_c.o)
    0x08005c9c   0x0000000c   Code   RO          634    x$fpl$dretinf       fz_ws.l(dretinf.o)
    0x08005ca8   0x00000056   Code   RO          604    x$fpl$f2d           fz_ws.l(f2d.o)
    0x08005cfe   0x00000002   PAD
    0x08005d00   0x000000c4   Code   RO          606    x$fpl$fadd          fz_ws.l(faddsub_clz.o)
    0x08005dc4   0x0000008c   Code   RO          636    x$fpl$fnaninf       fz_ws.l(fnaninf.o)
    0x08005e50   0x0000000a   Code   RO          638    x$fpl$fretinf       fz_ws.l(fretinf.o)
    0x08005e5a   0x00000002   PAD
    0x08005e5c   0x000000ea   Code   RO          608    x$fpl$fsub          fz_ws.l(faddsub_clz.o)
    0x08005f46   0x00000004   Code   RO          612    x$fpl$printf1       fz_ws.l(printf1.o)
    0x08005f4a   0x00000000   Code   RO          640    x$fpl$usenofp       fz_ws.l(usenofp.o)
    0x08005f4a   0x00000002   PAD
    0x08005f4c   0x00000094   Data   RO          668    .constdata          c_w.l(bigflt0.o)
    0x08005fe0   0x00000020   Data   RO          839    Region$$Table       anon$$obj.o
    0x08006000   0x0000001c   Data   RO          696    locale$$data        c_w.l(lc_numeric_c.o)


    Execution Region RW_IRAM1 (Base: 0x20000000, Size: 0x00005b38, Max: 0x00010000, ABSOLUTE)

    Base Addr    Size         Type   Attr      Idx    E Section Name        Object

    0x20000000   0x00000014   Data   RW            2    .data               main.o
    0x20000014   0x00000014   Data   RW          196    .data               system_stm32f10x.o
    0x20000028   0x00000001   Data   RW          226    .data               key.o
    0x20000029   0x00000001   PAD
    0x2000002a   0x00000004   Data   RW          239    .data               delay.o
    0x2000002e   0x00000002   PAD
    0x20000030   0x00000006   Data   RW          277    .data               usart.o
    0x20000036   0x00000014   Data   RW          347    .data               stm32f10x_rcc.o
    0x2000004a   0x00000002   PAD
    0x2000004c   0x0000003c   Data   RW          459    .data               tasks.o
    0x20000088   0x00000014   Data   RW          490    .data               timers.o
    0x2000009c   0x0000000c   Data   RW          505    .data               port.o
    0x200000a8   0x00000018   Data   RW          535    .data               heap_4.o
    0x200000c0   0x000000c8   Zero   RW          276    .bss                usart.o
    0x20000188   0x00000040   Zero   RW          437    .bss                queue.o
    0x200001c8   0x000002e4   Zero   RW          458    .bss                tasks.o
    0x200004ac   0x00000028   Zero   RW          489    .bss                timers.o
    0x200004d4   0x00005000   Zero   RW          534    .bss                heap_4.o
    0x200054d4   0x00000060   Zero   RW          706    .bss                c_w.l(libspace.o)
    0x20005534   0x00000004   PAD
    0x20005538   0x00000200   Zero   RW          316    HEAP                startup_stm32f10x_hd_mdk.o
    0x20005738   0x00000400   Zero   RW          315    STACK               startup_stm32f10x_hd_mdk.o


==============================================================================

Image component sizes


      Code (inc. data)   RO Data    RW Data    ZI Data      Debug   Object Name

         0          0          0          0          0         32   core_cm3.o
       264         16          0          4          0       1481   delay.o
         0          0          0          0          0      11792   event_groups.o
       672         82          0         24      20480       3256   heap_4.o
       216         14          0          1          0        808   key.o
        76          8          0          0          0        499   led.o
       148          0          0          0          0       1822   list.o
       816        252          0         20          0     244305   main.o
       220         22          0          0          0       1805   misc.o
       770        100          0         12          0       7719   port.o
      3340         52          0          0         64      18130   queue.o
        64         26        304          0       1536        812   startup_stm32f10x_hd_mdk.o
       860         38          0          0          0       5649   stm32f10x_gpio.o
        20          0          0          0          0        911   stm32f10x_it.o
       932         36          0         20          0       8824   stm32f10x_rcc.o
      1032         22          0          0          0       8376   stm32f10x_usart.o
       480         38          0         20          0       1743   system_stm32f10x.o
      6176        402          0         60        740      31264   tasks.o
      1600        112          0         20         40       8440   timers.o
       320         16          0          6        200       3250   usart.o

    ----------------------------------------------------------------------
     18008       1236        336        192      23060     360918   Object Totals
         0          0         32          0          0          0   (incl. Generated)
         2          0          0          5          0          0   (incl. Padding)

    ----------------------------------------------------------------------

      Code (inc. data)   RO Data    RW Data    ZI Data      Debug   Library Member Name

         8          0          0          0          0         68   __main.o
       284          0          0          0          0        156   __printf_wp.o
         0          0          0          0          0          0   __rtentry.o
        12          0          0          0          0          0   __rtentry2.o
         6          0          0          0          0          0   __rtentry4.o
        52          8          0          0          0          0   __scatter.o
        26          0          0          0          0          0   __scatter_copy.o
        28          0          0          0          0          0   __scatter_zi.o
         6          0          0          0          0          0   _printf_c.o
        44          0          0          0          0        108   _printf_char.o
        48          6          0          0          0         96   _printf_char_common.o
        36          4          0          0          0         80   _printf_char_file.o
         6          0          0          0          0          0   _printf_d.o
       120         16          0          0          0         92   _printf_dec.o
         6          0          0          0          0          0   _printf_f.o
      1050          0          0          0          0        216   _printf_fp_dec.o
       128         16          0          0          0         84   _printf_fp_infnan.o
       178          0          0          0          0         88   _printf_intcommon.o
         0          0          0          0          0          0   _printf_percent.o
         4          0          0          0          0          0   _printf_percent_end.o
         6          0          0          0          0          0   _printf_s.o
        82          0          0          0          0         80   _printf_str.o
         6          0          0          0          0          0   _printf_u.o
        10          0          0          0          0         68   _sputc.o
        16          0          0          0          0         68   aeabi_memset.o
       220          4        148          0          0         96   bigflt0.o
      1910        128          0          0          0        672   btod.o
        12          0          0          0          0         72   exit.o
         8          0          0          0          0         68   ferror.o
         6          0          0          0          0        152   heapauxi.o
        44         10         28          0          0         76   lc_numeric_c.o
         2          0          0          0          0          0   libinit.o
        18          0          0          0          0          0   libinit2.o
         2          0          0          0          0          0   libshutdown.o
         2          0          0          0          0          0   libshutdown2.o
         8          4          0          0         96         68   libspace.o
       138          0          0          0          0         80   lludiv10.o
        24          4          0          0          0         84   noretval__2printf.o
        40          6          0          0          0         84   noretval__2sprintf.o
         8          4          0          0          0         68   rt_locale_intlibspace.o
        68          0          0          0          0         68   rt_memclr.o
        78          0          0          0          0         80   rt_memclr_w.o
       138          0          0          0          0         68   rt_memcpy_v6.o
       100          0          0          0          0         80   rt_memcpy_w.o
         2          0          0          0          0          0   rtexit.o
        10          0          0          0          0          0   rtexit2.o
       128          0          0          0          0         68   strcmpv7m.o
        72          0          0          0          0         80   strcpy.o
        62          0          0          0          0         76   strlen.o
        74          0          0          0          0         80   sys_stackheap_outer.o
         2          0          0          0          0         68   use_no_semi.o
         2          0          0          0          0         68   use_no_semi_2.o
        12          0          0          0          0         68   dretinf.o
        86          4          0          0          0         84   f2d.o
       430          8          0          0          0        168   faddsub_clz.o
       140          4          0          0          0         84   fnaninf.o
        10          0          0          0          0         68   fretinf.o
         4          0          0          0          0         68   printf1.o
         0          0          0          0          0          0   usenofp.o
        40          0          0          0          0         68   fpclassify.o

    ----------------------------------------------------------------------
      6084        226        176          0        100       4068   Library Totals
        22          0          0          0          4          0   (incl. Padding)

    ----------------------------------------------------------------------

      Code (inc. data)   RO Data    RW Data    ZI Data      Debug   Library Name

      5340        210        176          0         96       3460   c_w.l
       682         16          0          0          0        540   fz_ws.l
        40          0          0          0          0         68   m_ws.l

    ----------------------------------------------------------------------
      6084        226        176          0        100       4068   Library Totals

    ----------------------------------------------------------------------

==============================================================================


      Code (inc. data)   RO Data    RW Data    ZI Data      Debug   

     24092       1462        512        192      23160     360978   Grand Totals
     24092       1462        512        192      23160     360978   ELF Image Totals
     24092       1462        512        192          0          0   ROM Totals

==============================================================================

    Total RO  Size (Code + RO Data)                24604 (  24.03kB)
    Total RW  Size (RW Data + ZI Data)             23352 (  22.80kB)
    Total ROM Size (Code + RO Data + RW Data)      24796 (  24.21kB)

==============================================================================

